0 verbose cli C:\Program Files\nodejs\node.exe C:\Program Files\nodejs\node_modules\npm\bin\npm-cli.js
1 info using npm@10.9.2
2 info using node@v22.15.1
3 silly config load:file:C:\Program Files\nodejs\node_modules\npm\npmrc
4 silly config load:file:C:\project\SHOTDECK\backend\.npmrc
5 silly config load:file:C:\Users\rakib\.npmrc
6 silly config load:file:C:\Program Files\nodejs\npm-global\etc\npmrc
7 verbose title npm install ffmpeg-static
8 verbose argv "install" "ffmpeg-static"
9 verbose logfile logs-max:10 dir:C:\project\SHOTDECK\backend\UsersmynameAppDataRoamingnpm-cache\_logs\2025-06-14T04_29_03_274Z-
10 verbose logfile C:\project\SHOTDECK\backend\UsersmynameAppDataRoamingnpm-cache\_logs\2025-06-14T04_29_03_274Z-debug-0.log
11 silly logfile start cleaning logs, removing 1 files
12 silly packumentCache heap:4345298944 maxSize:1086324736 maxEntrySize:543162368
13 silly logfile done cleaning log files
14 silly idealTree buildDeps
15 silly fetch manifest ffmpeg-static@^5.3.0
16 silly packumentCache full:https://registry.npmjs.org/ffmpeg-static cache-miss
17 http cache https://registry.npmjs.org/ffmpeg-static 25ms (cache hit)
18 silly packumentCache full:https://registry.npmjs.org/ffmpeg-static set size:98814 disposed:false
19 silly placeDep ROOT ffmpeg-static@ OK for: mfs-server@1.0.0 want: ^5.3.0
20 verbose type range
21 verbose stack ffmpeg-static: No matching version found for ffmpeg-static@^5.3.0.
21 verbose stack     at module.exports (C:\Program Files\nodejs\node_modules\npm\node_modules\npm-pick-manifest\lib\index.js:215:23)
21 verbose stack     at RegistryFetcher.manifest (C:\Program Files\nodejs\node_modules\npm\node_modules\pacote\lib\registry.js:130:54)
21 verbose stack     at async #fetchManifest (C:\Program Files\nodejs\node_modules\npm\node_modules\@npmcli\arborist\lib\arborist\build-ideal-tree.js:1202:20)
21 verbose stack     at async #nodeFromEdge (C:\Program Files\nodejs\node_modules\npm\node_modules\@npmcli\arborist\lib\arborist\build-ideal-tree.js:1040:19)
21 verbose stack     at async #buildDepStep (C:\Program Files\nodejs\node_modules\npm\node_modules\@npmcli\arborist\lib\arborist\build-ideal-tree.js:904:11)
21 verbose stack     at async Arborist.buildIdealTree (C:\Program Files\nodejs\node_modules\npm\node_modules\@npmcli\arborist\lib\arborist\build-ideal-tree.js:181:7)
21 verbose stack     at async Promise.all (index 1)
21 verbose stack     at async Arborist.reify (C:\Program Files\nodejs\node_modules\npm\node_modules\@npmcli\arborist\lib\arborist\reify.js:131:5)
21 verbose stack     at async Install.exec (C:\Program Files\nodejs\node_modules\npm\lib\commands\install.js:150:5)
21 verbose stack     at async Npm.exec (C:\Program Files\nodejs\node_modules\npm\lib\npm.js:207:9)
22 error code ETARGET
23 error notarget No matching version found for ffmpeg-static@^5.3.0.
24 error notarget In most cases you or one of your dependencies are requesting
24 error notarget a package version that doesn't exist.
25 silly unfinished npm timer reify 1749875343550
26 silly unfinished npm timer reify:loadTrees 1749875343551
27 verbose cwd C:\project\SHOTDECK\backend
28 verbose os Windows_NT 10.0.26100
29 verbose node v22.15.1
30 verbose npm  v10.9.2
31 verbose exit 1
32 verbose code 1
33 error A complete log of this run can be found in: C:\project\SHOTDECK\backend\UsersmynameAppDataRoamingnpm-cache\_logs\2025-06-14T04_29_03_274Z-debug-0.log
