0 verbose cli C:\Program Files\nodejs\node.exe C:\Program Files\nodejs\node_modules\npm\bin\npm-cli.js
1 info using npm@10.9.2
2 info using node@v22.15.1
3 silly config load:file:C:\Program Files\nodejs\node_modules\npm\npmrc
4 silly config load:file:C:\Users\rakib\.npmrc
5 silly config load:file:C:\Program Files\nodejs\npm-global\etc\npmrc
6 verbose title npm install mongosh
7 verbose argv "install" "--global" "mongosh"
8 verbose logfile logs-max:10 dir:C:\project\SHOTDECK\backend\UsersmynameAppDataRoamingnpm-cache\_logs\2025-06-20T12_18_15_705Z-
9 verbose logfile C:\project\SHOTDECK\backend\UsersmynameAppDataRoamingnpm-cache\_logs\2025-06-20T12_18_15_705Z-debug-0.log
10 silly packumentCache heap:4345298944 maxSize:1086324736 maxEntrySize:543162368
11 silly logfile start cleaning logs, removing 1 files
12 verbose stack Error: EPERM: operation not permitted, mkdir 'C:\Program Files\nodejs\npm-global'
12 verbose stack     at async mkdir (node:internal/fs/promises:852:10)
12 verbose stack     at async Arborist.reify (C:\Program Files\nodejs\node_modules\npm\node_modules\@npmcli\arborist\lib\arborist\reify.js:126:7)
12 verbose stack     at async Install.exec (C:\Program Files\nodejs\node_modules\npm\lib\commands\install.js:150:5)
12 verbose stack     at async Npm.exec (C:\Program Files\nodejs\node_modules\npm\lib\npm.js:207:9)
12 verbose stack     at async module.exports (C:\Program Files\nodejs\node_modules\npm\lib\cli\entry.js:74:5)
13 error code EPERM
14 error syscall mkdir
15 error path C:\Program Files\nodejs\npm-global
16 error errno -4048
17 error Error: EPERM: operation not permitted, mkdir 'C:\Program Files\nodejs\npm-global'
17 error     at async mkdir (node:internal/fs/promises:852:10)
17 error     at async Arborist.reify (C:\Program Files\nodejs\node_modules\npm\node_modules\@npmcli\arborist\lib\arborist\reify.js:126:7)
17 error     at async Install.exec (C:\Program Files\nodejs\node_modules\npm\lib\commands\install.js:150:5)
17 error     at async Npm.exec (C:\Program Files\nodejs\node_modules\npm\lib\npm.js:207:9)
17 error     at async module.exports (C:\Program Files\nodejs\node_modules\npm\lib\cli\entry.js:74:5) {
17 error   errno: -4048,
17 error   code: 'EPERM',
17 error   syscall: 'mkdir',
17 error   path: 'C:\\Program Files\\nodejs\\npm-global'
17 error }
18 error
18 error The operation was rejected by your operating system.
18 error It's possible that the file was already in use (by a text editor or antivirus),
18 error or that you lack permissions to access it.
18 error
18 error If you believe this might be a permissions issue, please double-check the
18 error permissions of the file and its containing directories, or try running
18 error the command again as root/Administrator.
19 silly unfinished npm timer reify 1750421895983
20 verbose cwd C:\project\SHOTDECK\backend
21 verbose os Windows_NT 10.0.26100
22 verbose node v22.15.1
23 verbose npm  v10.9.2
24 verbose exit -4048
25 verbose code -4048
26 error A complete log of this run can be found in: C:\project\SHOTDECK\backend\UsersmynameAppDataRoamingnpm-cache\_logs\2025-06-20T12_18_15_705Z-debug-0.log
