0 verbose cli C:\Program Files\nodejs\node.exe C:\Program Files\nodejs\node_modules\npm\bin\npm-cli.js
1 info using npm@10.9.2
2 info using node@v22.15.1
3 silly config load:file:C:\Program Files\nodejs\node_modules\npm\npmrc
4 silly config load:file:C:\project\SHOTDECK\backend\.npmrc
5 silly config load:file:C:\Users\rakib\.npmrc
6 silly config load:file:C:\Program Files\nodejs\npm-global\etc\npmrc
7 verbose title npm install puppeteer
8 verbose argv "install" "puppeteer"
9 verbose logfile logs-max:10 dir:C:\project\SHOTDECK\backend\UsersmynameAppDataRoamingnpm-cache\_logs\2025-06-26T05_20_41_768Z-
10 verbose logfile C:\project\SHOTDECK\backend\UsersmynameAppDataRoamingnpm-cache\_logs\2025-06-26T05_20_41_768Z-debug-0.log
11 silly logfile start cleaning logs, removing 1 files
12 silly packumentCache heap:4345298944 maxSize:1086324736 maxEntrySize:543162368
13 silly logfile done cleaning log files
14 silly idealTree buildDeps
15 silly fetch manifest puppeteer@*
16 silly packumentCache full:https://registry.npmjs.org/puppeteer cache-miss
17 http fetch GET 200 https://registry.npmjs.org/npm 152ms
18 http fetch GET 200 https://registry.npmjs.org/puppeteer 343ms (cache miss)
19 silly packumentCache full:https://registry.npmjs.org/puppeteer set size:undefined disposed:false
20 silly placeDep ROOT puppeteer@24.10.2 OK for: mfs-server@1.0.0 want: *
21 silly fetch manifest @puppeteer/browsers@2.10.5
22 silly packumentCache full:https://registry.npmjs.org/@puppeteer%2fbrowsers cache-miss
23 silly fetch manifest chromium-bidi@5.1.0
24 silly packumentCache full:https://registry.npmjs.org/chromium-bidi cache-miss
25 silly fetch manifest cosmiconfig@^9.0.0
26 silly packumentCache full:https://registry.npmjs.org/cosmiconfig cache-miss
27 silly fetch manifest devtools-protocol@0.0.1452169
28 silly packumentCache full:https://registry.npmjs.org/devtools-protocol cache-miss
29 silly fetch manifest puppeteer-core@24.10.2
30 silly packumentCache full:https://registry.npmjs.org/puppeteer-core cache-miss
31 silly fetch manifest typed-query-selector@^2.12.0
32 silly packumentCache full:https://registry.npmjs.org/typed-query-selector cache-miss
33 http fetch GET 200 https://registry.npmjs.org/puppeteer-core 349ms (cache miss)
34 silly packumentCache full:https://registry.npmjs.org/puppeteer-core set size:undefined disposed:false
35 http fetch GET 200 https://registry.npmjs.org/typed-query-selector 498ms (cache miss)
36 silly packumentCache full:https://registry.npmjs.org/typed-query-selector set size:undefined disposed:false
37 http fetch GET 200 https://registry.npmjs.org/chromium-bidi 500ms (cache miss)
38 silly packumentCache full:https://registry.npmjs.org/chromium-bidi set size:undefined disposed:false
39 http fetch GET 200 https://registry.npmjs.org/devtools-protocol 508ms (cache miss)
40 silly packumentCache full:https://registry.npmjs.org/devtools-protocol set size:undefined disposed:false
41 http fetch GET 200 https://registry.npmjs.org/cosmiconfig 519ms (cache miss)
42 silly packumentCache full:https://registry.npmjs.org/cosmiconfig set size:undefined disposed:false
43 http fetch GET 200 https://registry.npmjs.org/@puppeteer%2fbrowsers 713ms (cache miss)
44 silly packumentCache full:https://registry.npmjs.org/@puppeteer%2fbrowsers set size:undefined disposed:false
45 silly fetch manifest typescript@>=4.9.5
46 silly packumentCache full:https://registry.npmjs.org/typescript cache-miss
47 http fetch GET 200 https://registry.npmjs.org/typescript 777ms (cache miss)
48 silly packumentCache full:https://registry.npmjs.org/typescript set size:undefined disposed:false
49 silly placeDep ROOT @puppeteer/browsers@2.10.5 OK for: puppeteer@24.10.2 want: 2.10.5
50 silly placeDep ROOT chromium-bidi@5.1.0 OK for: puppeteer@24.10.2 want: 5.1.0
51 silly placeDep ROOT devtools-protocol@0.0.1452169 OK for: chromium-bidi@5.1.0 want: *
52 silly placeDep ROOT cosmiconfig@9.0.0 OK for: puppeteer@24.10.2 want: ^9.0.0
53 silly placeDep ROOT puppeteer-core@24.10.2 OK for: puppeteer@24.10.2 want: 24.10.2
54 silly placeDep ROOT typed-query-selector@2.12.0 OK for: puppeteer@24.10.2 want: ^2.12.0
55 silly fetch manifest debug@^4.4.1
56 silly packumentCache full:https://registry.npmjs.org/debug cache-miss
57 silly fetch manifest extract-zip@^2.0.1
58 silly packumentCache full:https://registry.npmjs.org/extract-zip cache-miss
59 silly fetch manifest proxy-agent@^6.5.0
60 silly packumentCache full:https://registry.npmjs.org/proxy-agent cache-miss
61 silly fetch manifest tar-fs@^3.0.8
62 silly packumentCache full:https://registry.npmjs.org/tar-fs cache-miss
63 silly fetch manifest yargs@^17.7.2
64 silly packumentCache full:https://registry.npmjs.org/yargs cache-miss
65 silly fetch manifest semver@^7.7.2
66 silly packumentCache full:https://registry.npmjs.org/semver cache-miss
67 silly fetch manifest zod@^3.24.1
68 silly packumentCache full:https://registry.npmjs.org/zod cache-miss
69 silly fetch manifest mitt@^3.0.1
70 silly packumentCache full:https://registry.npmjs.org/mitt cache-miss
71 silly fetch manifest import-fresh@^3.3.0
72 silly packumentCache full:https://registry.npmjs.org/import-fresh cache-miss
73 silly fetch manifest js-yaml@^4.1.0
74 silly packumentCache full:https://registry.npmjs.org/js-yaml cache-miss
75 silly fetch manifest parse-json@^5.2.0
76 silly packumentCache full:https://registry.npmjs.org/parse-json cache-miss
77 silly fetch manifest debug@^4.4.1
78 silly packumentCache full:https://registry.npmjs.org/debug cache-miss
79 silly fetch manifest ws@^8.18.2
80 silly packumentCache full:https://registry.npmjs.org/ws cache-miss
81 http fetch GET 200 https://registry.npmjs.org/debug 51ms (cache miss)
82 silly packumentCache full:https://registry.npmjs.org/debug set size:undefined disposed:false
83 http fetch GET 200 https://registry.npmjs.org/semver 65ms (cache miss)
84 silly packumentCache full:https://registry.npmjs.org/semver set size:undefined disposed:false
85 http fetch GET 200 https://registry.npmjs.org/yargs 77ms (cache miss)
86 silly packumentCache full:https://registry.npmjs.org/yargs set size:undefined disposed:false
87 http fetch GET 200 https://registry.npmjs.org/parse-json 123ms (cache miss)
88 silly packumentCache full:https://registry.npmjs.org/parse-json set size:undefined disposed:false
89 http fetch GET 200 https://registry.npmjs.org/zod 133ms (cache miss)
90 silly packumentCache full:https://registry.npmjs.org/zod set size:undefined disposed:false
91 http fetch GET 200 https://registry.npmjs.org/mitt 181ms (cache miss)
92 silly packumentCache full:https://registry.npmjs.org/mitt set size:undefined disposed:false
93 http fetch GET 200 https://registry.npmjs.org/proxy-agent 226ms (cache miss)
94 silly packumentCache full:https://registry.npmjs.org/proxy-agent set size:undefined disposed:false
95 http fetch GET 200 https://registry.npmjs.org/extract-zip 241ms (cache miss)
96 silly packumentCache full:https://registry.npmjs.org/extract-zip set size:undefined disposed:false
97 http fetch GET 200 https://registry.npmjs.org/tar-fs 243ms (cache miss)
98 silly packumentCache full:https://registry.npmjs.org/tar-fs set size:undefined disposed:false
99 http fetch GET 200 https://registry.npmjs.org/import-fresh 281ms (cache miss)
100 silly packumentCache full:https://registry.npmjs.org/import-fresh set size:undefined disposed:false
101 http fetch GET 200 https://registry.npmjs.org/js-yaml 279ms (cache miss)
102 silly packumentCache full:https://registry.npmjs.org/js-yaml set size:undefined disposed:false
103 http fetch GET 200 https://registry.npmjs.org/debug 326ms (cache miss)
104 silly packumentCache full:https://registry.npmjs.org/debug set size:undefined disposed:false
105 http fetch GET 200 https://registry.npmjs.org/ws 329ms (cache miss)
106 silly packumentCache full:https://registry.npmjs.org/ws set size:undefined disposed:false
107 silly placeDep ROOT debug@4.4.1 REPLACE for: @puppeteer/browsers@2.10.5 want: ^4.4.1
108 silly placeDep ROOT extract-zip@2.0.1 OK for: @puppeteer/browsers@2.10.5 want: ^2.0.1
109 silly placeDep ROOT proxy-agent@6.5.0 OK for: @puppeteer/browsers@2.10.5 want: ^6.5.0
110 silly placeDep ROOT semver@7.7.2 REPLACE for: @puppeteer/browsers@2.10.5 want: ^7.7.2
111 silly placeDep ROOT tar-fs@3.0.10 OK for: @puppeteer/browsers@2.10.5 want: ^3.0.8
112 silly placeDep ROOT yargs@17.7.2 OK for: @puppeteer/browsers@2.10.5 want: ^17.7.2
113 silly fetch manifest get-stream@^5.1.0
114 silly packumentCache full:https://registry.npmjs.org/get-stream cache-miss
115 silly fetch manifest yauzl@^2.10.0
116 silly packumentCache full:https://registry.npmjs.org/yauzl cache-miss
117 silly fetch manifest @types/yauzl@^2.9.1
118 silly packumentCache full:https://registry.npmjs.org/@types%2fyauzl cache-miss
119 silly fetch manifest agent-base@^7.1.2
120 silly packumentCache full:https://registry.npmjs.org/agent-base cache-miss
121 silly fetch manifest http-proxy-agent@^7.0.1
122 silly packumentCache full:https://registry.npmjs.org/http-proxy-agent cache-miss
123 silly fetch manifest https-proxy-agent@^7.0.6
124 silly packumentCache full:https://registry.npmjs.org/https-proxy-agent cache-miss
125 silly fetch manifest lru-cache@^7.14.1
126 silly packumentCache full:https://registry.npmjs.org/lru-cache cache-miss
127 silly fetch manifest pac-proxy-agent@^7.1.0
128 silly packumentCache full:https://registry.npmjs.org/pac-proxy-agent cache-miss
129 silly fetch manifest proxy-from-env@^1.1.0
130 silly packumentCache full:https://registry.npmjs.org/proxy-from-env cache-miss
131 silly fetch manifest socks-proxy-agent@^8.0.5
132 silly packumentCache full:https://registry.npmjs.org/socks-proxy-agent cache-miss
133 silly fetch manifest pump@^3.0.0
134 silly packumentCache full:https://registry.npmjs.org/pump cache-miss
135 silly fetch manifest tar-stream@^3.1.5
136 silly packumentCache full:https://registry.npmjs.org/tar-stream cache-miss
137 silly fetch manifest bare-fs@^4.0.1
138 silly packumentCache full:https://registry.npmjs.org/bare-fs cache-miss
139 silly fetch manifest bare-path@^3.0.0
140 silly packumentCache full:https://registry.npmjs.org/bare-path cache-miss
141 silly fetch manifest y18n@^5.0.5
142 silly packumentCache full:https://registry.npmjs.org/y18n cache-miss
143 http fetch GET 200 https://registry.npmjs.org/https-proxy-agent 44ms (cache miss)
144 silly packumentCache full:https://registry.npmjs.org/https-proxy-agent set size:undefined disposed:false
145 silly fetch manifest cliui@^8.0.1
146 silly packumentCache full:https://registry.npmjs.org/cliui cache-miss
147 http fetch GET 200 https://registry.npmjs.org/agent-base 54ms (cache miss)
148 silly packumentCache full:https://registry.npmjs.org/agent-base set size:undefined disposed:false
149 silly fetch manifest escalade@^3.1.1
150 silly packumentCache full:https://registry.npmjs.org/escalade cache-miss
151 http fetch GET 200 https://registry.npmjs.org/lru-cache 72ms (cache miss)
152 silly packumentCache full:https://registry.npmjs.org/lru-cache set size:undefined disposed:false
153 silly fetch manifest yargs-parser@^21.1.1
154 silly packumentCache full:https://registry.npmjs.org/yargs-parser cache-miss
155 http fetch GET 200 https://registry.npmjs.org/escalade 54ms (cache miss)
156 silly packumentCache full:https://registry.npmjs.org/escalade set size:undefined disposed:false
157 silly fetch manifest get-caller-file@^2.0.5
158 silly packumentCache full:https://registry.npmjs.org/get-caller-file cache-miss
159 http fetch GET 200 https://registry.npmjs.org/tar-stream 226ms (cache miss)
160 silly packumentCache full:https://registry.npmjs.org/tar-stream set size:undefined disposed:false
161 silly fetch manifest require-directory@^2.1.1
162 silly packumentCache full:https://registry.npmjs.org/require-directory cache-miss
163 http fetch GET 200 https://registry.npmjs.org/get-stream 238ms (cache miss)
164 silly packumentCache full:https://registry.npmjs.org/get-stream set size:undefined disposed:false
165 http fetch GET 200 https://registry.npmjs.org/bare-fs 240ms (cache miss)
166 silly packumentCache full:https://registry.npmjs.org/bare-fs set size:undefined disposed:false
167 http fetch GET 200 https://registry.npmjs.org/socks-proxy-agent 242ms (cache miss)
168 silly packumentCache full:https://registry.npmjs.org/socks-proxy-agent set size:undefined disposed:false
169 http fetch GET 200 https://registry.npmjs.org/yauzl 245ms (cache miss)
170 silly packumentCache full:https://registry.npmjs.org/yauzl set size:undefined disposed:false
171 http fetch GET 200 https://registry.npmjs.org/proxy-from-env 245ms (cache miss)
172 silly packumentCache full:https://registry.npmjs.org/proxy-from-env set size:undefined disposed:false
173 http fetch GET 200 https://registry.npmjs.org/pac-proxy-agent 249ms (cache miss)
174 silly packumentCache full:https://registry.npmjs.org/pac-proxy-agent set size:undefined disposed:false
175 http fetch GET 200 https://registry.npmjs.org/pump 251ms (cache miss)
176 silly packumentCache full:https://registry.npmjs.org/pump set size:undefined disposed:false
177 http fetch GET 200 https://registry.npmjs.org/bare-path 256ms (cache miss)
178 silly packumentCache full:https://registry.npmjs.org/bare-path set size:undefined disposed:false
179 http fetch GET 200 https://registry.npmjs.org/cliui 221ms (cache miss)
180 silly packumentCache full:https://registry.npmjs.org/cliui set size:undefined disposed:false
181 http fetch GET 200 https://registry.npmjs.org/http-proxy-agent 269ms (cache miss)
182 silly packumentCache full:https://registry.npmjs.org/http-proxy-agent set size:undefined disposed:false
183 http fetch GET 200 https://registry.npmjs.org/y18n 284ms (cache miss)
184 silly packumentCache full:https://registry.npmjs.org/y18n set size:undefined disposed:false
185 http fetch GET 200 https://registry.npmjs.org/yargs-parser 241ms (cache miss)
186 silly packumentCache full:https://registry.npmjs.org/yargs-parser set size:undefined disposed:false
187 http fetch GET 200 https://registry.npmjs.org/get-caller-file 247ms (cache miss)
188 silly packumentCache full:https://registry.npmjs.org/get-caller-file set size:undefined disposed:false
189 http fetch GET 200 https://registry.npmjs.org/@types%2fyauzl 468ms (cache miss)
190 silly packumentCache full:https://registry.npmjs.org/@types%2fyauzl set size:undefined disposed:false
191 http fetch GET 200 https://registry.npmjs.org/require-directory 241ms (cache miss)
192 silly packumentCache full:https://registry.npmjs.org/require-directory set size:undefined disposed:false
193 silly placeDep ROOT mitt@3.0.1 OK for: chromium-bidi@5.1.0 want: ^3.0.1
194 silly placeDep ROOT zod@3.25.67 OK for: chromium-bidi@5.1.0 want: ^3.24.1
195 silly placeDep ROOT import-fresh@3.3.1 OK for: cosmiconfig@9.0.0 want: ^3.3.0
196 silly placeDep ROOT js-yaml@4.1.0 OK for: cosmiconfig@9.0.0 want: ^4.1.0
197 silly placeDep ROOT parse-json@5.2.0 OK for: cosmiconfig@9.0.0 want: ^5.2.0
198 silly fetch manifest parent-module@^1.0.0
199 silly packumentCache full:https://registry.npmjs.org/parent-module cache-miss
200 silly fetch manifest resolve-from@^4.0.0
201 silly packumentCache full:https://registry.npmjs.org/resolve-from cache-miss
202 silly fetch manifest argparse@^2.0.1
203 silly packumentCache full:https://registry.npmjs.org/argparse cache-miss
204 silly fetch manifest error-ex@^1.3.1
205 silly packumentCache full:https://registry.npmjs.org/error-ex cache-miss
206 silly fetch manifest @babel/code-frame@^7.0.0
207 silly packumentCache full:https://registry.npmjs.org/@babel%2fcode-frame cache-miss
208 silly fetch manifest lines-and-columns@^1.1.6
209 silly packumentCache full:https://registry.npmjs.org/lines-and-columns cache-miss
210 silly fetch manifest json-parse-even-better-errors@^2.3.0
211 silly packumentCache full:https://registry.npmjs.org/json-parse-even-better-errors cache-miss
212 http fetch GET 200 https://registry.npmjs.org/@babel%2fcode-frame 62ms (cache miss)
213 silly packumentCache full:https://registry.npmjs.org/@babel%2fcode-frame set size:undefined disposed:false
214 http fetch GET 200 https://registry.npmjs.org/lines-and-columns 257ms (cache miss)
215 silly packumentCache full:https://registry.npmjs.org/lines-and-columns set size:undefined disposed:false
216 http fetch GET 200 https://registry.npmjs.org/error-ex 260ms (cache miss)
217 silly packumentCache full:https://registry.npmjs.org/error-ex set size:undefined disposed:false
218 http fetch GET 200 https://registry.npmjs.org/resolve-from 262ms (cache miss)
219 silly packumentCache full:https://registry.npmjs.org/resolve-from set size:undefined disposed:false
220 http fetch GET 200 https://registry.npmjs.org/json-parse-even-better-errors 261ms (cache miss)
221 silly packumentCache full:https://registry.npmjs.org/json-parse-even-better-errors set size:undefined disposed:false
222 http fetch GET 200 https://registry.npmjs.org/parent-module 262ms (cache miss)
223 silly packumentCache full:https://registry.npmjs.org/parent-module set size:undefined disposed:false
224 http fetch GET 200 https://registry.npmjs.org/argparse 263ms (cache miss)
225 silly packumentCache full:https://registry.npmjs.org/argparse set size:undefined disposed:false
226 silly placeDep ROOT @types/yauzl@2.10.3 OK for: extract-zip@2.0.1 want: ^2.9.1
227 silly placeDep ROOT get-stream@5.2.0 OK for: extract-zip@2.0.1 want: ^5.1.0
228 silly placeDep ROOT yauzl@2.10.0 OK for: extract-zip@2.0.1 want: ^2.10.0
229 silly fetch manifest fd-slicer@~1.1.0
230 silly packumentCache full:https://registry.npmjs.org/fd-slicer cache-miss
231 silly fetch manifest buffer-crc32@~0.2.3
232 silly packumentCache full:https://registry.npmjs.org/buffer-crc32 cache-miss
233 http fetch GET 200 https://registry.npmjs.org/fd-slicer 236ms (cache miss)
234 silly packumentCache full:https://registry.npmjs.org/fd-slicer set size:undefined disposed:false
235 http fetch GET 200 https://registry.npmjs.org/buffer-crc32 236ms (cache miss)
236 silly packumentCache full:https://registry.npmjs.org/buffer-crc32 set size:undefined disposed:false
237 silly placeDep ROOT pump@3.0.3 OK for: get-stream@5.2.0 want: ^3.0.0
238 silly fetch manifest end-of-stream@^1.1.0
239 silly packumentCache full:https://registry.npmjs.org/end-of-stream cache-miss
240 http fetch GET 200 https://registry.npmjs.org/end-of-stream 250ms (cache miss)
241 silly packumentCache full:https://registry.npmjs.org/end-of-stream set size:undefined disposed:false
242 silly placeDep ROOT parent-module@1.0.1 OK for: import-fresh@3.3.1 want: ^1.0.0
243 silly placeDep ROOT resolve-from@4.0.0 OK for: import-fresh@3.3.1 want: ^4.0.0
244 silly fetch manifest callsites@^3.0.0
245 silly packumentCache full:https://registry.npmjs.org/callsites cache-miss
246 http fetch GET 200 https://registry.npmjs.org/callsites 235ms (cache miss)
247 silly packumentCache full:https://registry.npmjs.org/callsites set size:undefined disposed:false
248 silly placeDep ROOT argparse@2.0.1 OK for: js-yaml@4.1.0 want: ^2.0.1
249 silly placeDep ROOT callsites@3.1.0 OK for: parent-module@1.0.1 want: ^3.0.0
250 silly placeDep ROOT @babel/code-frame@7.27.1 OK for: parse-json@5.2.0 want: ^7.0.0
251 silly placeDep ROOT error-ex@1.3.2 OK for: parse-json@5.2.0 want: ^1.3.1
252 silly placeDep ROOT json-parse-even-better-errors@2.3.1 OK for: parse-json@5.2.0 want: ^2.3.0
253 silly placeDep ROOT lines-and-columns@1.2.4 OK for: parse-json@5.2.0 want: ^1.1.6
254 silly fetch manifest js-tokens@^4.0.0
255 silly packumentCache full:https://registry.npmjs.org/js-tokens cache-miss
256 silly fetch manifest picocolors@^1.1.1
257 silly packumentCache full:https://registry.npmjs.org/picocolors cache-miss
258 silly fetch manifest @babel/helper-validator-identifier@^7.27.1
259 silly packumentCache full:https://registry.npmjs.org/@babel%2fhelper-validator-identifier cache-miss
260 silly fetch manifest is-arrayish@^0.2.1
261 silly packumentCache full:https://registry.npmjs.org/is-arrayish cache-miss
262 http fetch GET 200 https://registry.npmjs.org/js-tokens 83ms (cache miss)
263 silly packumentCache full:https://registry.npmjs.org/js-tokens set size:undefined disposed:false
264 http fetch GET 200 https://registry.npmjs.org/@babel%2fhelper-validator-identifier 124ms (cache miss)
265 silly packumentCache full:https://registry.npmjs.org/@babel%2fhelper-validator-identifier set size:undefined disposed:false
266 http fetch GET 200 https://registry.npmjs.org/is-arrayish 246ms (cache miss)
267 silly packumentCache full:https://registry.npmjs.org/is-arrayish set size:undefined disposed:false
268 http fetch GET 200 https://registry.npmjs.org/picocolors 277ms (cache miss)
269 silly packumentCache full:https://registry.npmjs.org/picocolors set size:undefined disposed:false
270 silly placeDep ROOT @babel/helper-validator-identifier@7.27.1 OK for: @babel/code-frame@7.27.1 want: ^7.27.1
271 silly placeDep ROOT js-tokens@4.0.0 OK for: @babel/code-frame@7.27.1 want: ^4.0.0
272 silly placeDep ROOT picocolors@1.1.1 OK for: @babel/code-frame@7.27.1 want: ^1.1.1
273 silly placeDep ROOT is-arrayish@0.2.1 OK for: error-ex@1.3.2 want: ^0.2.1
274 silly placeDep node_modules/proxy-agent agent-base@7.1.3 OK for: proxy-agent@6.5.0 want: ^7.1.2
275 silly placeDep ROOT http-proxy-agent@7.0.2 OK for: proxy-agent@6.5.0 want: ^7.0.1
276 silly placeDep node_modules/proxy-agent https-proxy-agent@7.0.6 OK for: proxy-agent@6.5.0 want: ^7.0.6
277 silly placeDep ROOT lru-cache@7.18.3 OK for: proxy-agent@6.5.0 want: ^7.14.1
278 silly placeDep ROOT pac-proxy-agent@7.2.0 OK for: proxy-agent@6.5.0 want: ^7.1.0
279 silly placeDep ROOT proxy-from-env@1.1.0 OK for: proxy-agent@6.5.0 want: ^1.1.0
280 silly placeDep ROOT socks-proxy-agent@8.0.5 OK for: proxy-agent@6.5.0 want: ^8.0.5
281 silly fetch manifest agent-base@^7.1.0
282 silly packumentCache full:https://registry.npmjs.org/agent-base cache-miss
283 silly fetch manifest @tootallnate/quickjs-emscripten@^0.23.0
284 silly packumentCache full:https://registry.npmjs.org/@tootallnate%2fquickjs-emscripten cache-miss
285 silly fetch manifest get-uri@^6.0.1
286 silly packumentCache full:https://registry.npmjs.org/get-uri cache-miss
287 silly fetch manifest pac-resolver@^7.0.1
288 silly packumentCache full:https://registry.npmjs.org/pac-resolver cache-miss
289 silly fetch manifest socks@^2.8.3
290 silly packumentCache full:https://registry.npmjs.org/socks cache-miss
291 http cache https://registry.npmjs.org/agent-base 7ms (cache hit)
292 silly packumentCache full:https://registry.npmjs.org/agent-base set size:65276 disposed:false
293 http fetch GET 200 https://registry.npmjs.org/get-uri 227ms (cache miss)
294 silly packumentCache full:https://registry.npmjs.org/get-uri set size:undefined disposed:false
295 http fetch GET 200 https://registry.npmjs.org/pac-resolver 229ms (cache miss)
296 silly packumentCache full:https://registry.npmjs.org/pac-resolver set size:undefined disposed:false
297 http fetch GET 200 https://registry.npmjs.org/socks 250ms (cache miss)
298 silly packumentCache full:https://registry.npmjs.org/socks set size:undefined disposed:false
299 http fetch GET 200 https://registry.npmjs.org/@tootallnate%2fquickjs-emscripten 708ms (cache miss)
300 silly packumentCache full:https://registry.npmjs.org/@tootallnate%2fquickjs-emscripten set size:undefined disposed:false
301 silly placeDep node_modules/http-proxy-agent agent-base@7.1.3 OK for: http-proxy-agent@7.0.2 want: ^7.1.0
302 silly placeDep ROOT @tootallnate/quickjs-emscripten@0.23.0 OK for: pac-proxy-agent@7.2.0 want: ^0.23.0
303 silly placeDep node_modules/pac-proxy-agent agent-base@7.1.3 OK for: pac-proxy-agent@7.2.0 want: ^7.1.2
304 silly placeDep ROOT get-uri@6.0.4 OK for: pac-proxy-agent@7.2.0 want: ^6.0.1
305 silly placeDep node_modules/pac-proxy-agent https-proxy-agent@7.0.6 OK for: pac-proxy-agent@7.2.0 want: ^7.0.6
306 silly placeDep ROOT pac-resolver@7.0.1 OK for: pac-proxy-agent@7.2.0 want: ^7.0.1
307 silly fetch manifest basic-ftp@^5.0.2
308 silly packumentCache full:https://registry.npmjs.org/basic-ftp cache-miss
309 silly fetch manifest data-uri-to-buffer@^6.0.2
310 silly packumentCache full:https://registry.npmjs.org/data-uri-to-buffer cache-miss
311 silly fetch manifest degenerator@^5.0.0
312 silly packumentCache full:https://registry.npmjs.org/degenerator cache-miss
313 silly fetch manifest netmask@^2.0.2
314 silly packumentCache full:https://registry.npmjs.org/netmask cache-miss
315 http fetch GET 200 https://registry.npmjs.org/degenerator 244ms (cache miss)
316 silly packumentCache full:https://registry.npmjs.org/degenerator set size:undefined disposed:false
317 http fetch GET 200 https://registry.npmjs.org/basic-ftp 250ms (cache miss)
318 silly packumentCache full:https://registry.npmjs.org/basic-ftp set size:undefined disposed:false
319 http fetch GET 200 https://registry.npmjs.org/data-uri-to-buffer 251ms (cache miss)
320 silly packumentCache full:https://registry.npmjs.org/data-uri-to-buffer set size:undefined disposed:false
321 http fetch GET 200 https://registry.npmjs.org/netmask 270ms (cache miss)
322 silly packumentCache full:https://registry.npmjs.org/netmask set size:undefined disposed:false
323 silly placeDep ROOT basic-ftp@5.0.5 OK for: get-uri@6.0.4 want: ^5.0.2
324 silly placeDep ROOT data-uri-to-buffer@6.0.2 OK for: get-uri@6.0.4 want: ^6.0.2
325 silly placeDep ROOT degenerator@5.0.1 OK for: pac-resolver@7.0.1 want: ^5.0.0
326 silly placeDep ROOT netmask@2.0.2 OK for: pac-resolver@7.0.1 want: ^2.0.2
327 silly fetch manifest ast-types@^0.13.4
328 silly packumentCache full:https://registry.npmjs.org/ast-types cache-miss
329 silly fetch manifest escodegen@^2.1.0
330 silly packumentCache full:https://registry.npmjs.org/escodegen cache-miss
331 silly fetch manifest esprima@^4.0.1
332 silly packumentCache full:https://registry.npmjs.org/esprima cache-miss
333 http fetch GET 200 https://registry.npmjs.org/escodegen 243ms (cache miss)
334 silly packumentCache full:https://registry.npmjs.org/escodegen set size:undefined disposed:false
335 http fetch GET 200 https://registry.npmjs.org/esprima 245ms (cache miss)
336 silly packumentCache full:https://registry.npmjs.org/esprima set size:undefined disposed:false
337 http fetch GET 200 https://registry.npmjs.org/ast-types 258ms (cache miss)
338 silly packumentCache full:https://registry.npmjs.org/ast-types set size:undefined disposed:false
339 silly placeDep ROOT ast-types@0.13.4 OK for: degenerator@5.0.1 want: ^0.13.4
340 silly placeDep ROOT escodegen@2.1.0 OK for: degenerator@5.0.1 want: ^2.1.0
341 silly placeDep ROOT esprima@4.0.1 OK for: degenerator@5.0.1 want: ^4.0.1
342 silly fetch manifest tslib@^2.0.1
343 silly packumentCache full:https://registry.npmjs.org/tslib cache-miss
344 silly fetch manifest estraverse@^5.2.0
345 silly packumentCache full:https://registry.npmjs.org/estraverse cache-miss
346 silly fetch manifest esutils@^2.0.2
347 silly packumentCache full:https://registry.npmjs.org/esutils cache-miss
348 silly fetch manifest source-map@~0.6.1
349 silly packumentCache full:https://registry.npmjs.org/source-map cache-miss
350 http fetch GET 200 https://registry.npmjs.org/tslib 238ms (cache miss)
351 silly packumentCache full:https://registry.npmjs.org/tslib set size:undefined disposed:false
352 http fetch GET 200 https://registry.npmjs.org/estraverse 240ms (cache miss)
353 silly packumentCache full:https://registry.npmjs.org/estraverse set size:undefined disposed:false
354 http fetch GET 200 https://registry.npmjs.org/esutils 245ms (cache miss)
355 silly packumentCache full:https://registry.npmjs.org/esutils set size:undefined disposed:false
356 http fetch GET 200 https://registry.npmjs.org/source-map 268ms (cache miss)
357 silly packumentCache full:https://registry.npmjs.org/source-map set size:undefined disposed:false
358 silly placeDep ROOT tslib@2.8.1 OK for: ast-types@0.13.4 want: ^2.0.1
359 silly placeDep ROOT estraverse@5.3.0 OK for: escodegen@2.1.0 want: ^5.2.0
360 silly placeDep ROOT esutils@2.0.3 OK for: escodegen@2.1.0 want: ^2.0.2
361 silly placeDep ROOT source-map@0.6.1 OK for: escodegen@2.1.0 want: ~0.6.1
362 silly placeDep ROOT end-of-stream@1.4.5 OK for: pump@3.0.3 want: ^1.1.0
363 silly fetch manifest bufferutil@^4.0.1
364 silly packumentCache full:https://registry.npmjs.org/bufferutil cache-miss
365 http fetch GET 200 https://registry.npmjs.org/bufferutil 49ms (cache miss)
366 silly packumentCache full:https://registry.npmjs.org/bufferutil set size:undefined disposed:false
367 silly fetch manifest utf-8-validate@>=5.0.2
368 silly packumentCache full:https://registry.npmjs.org/utf-8-validate cache-miss
369 http fetch GET 200 https://registry.npmjs.org/utf-8-validate 36ms (cache miss)
370 silly packumentCache full:https://registry.npmjs.org/utf-8-validate set size:undefined disposed:false
371 silly placeDep ROOT ws@8.18.2 OK for: puppeteer-core@24.10.2 want: ^8.18.2
372 silly placeDep node_modules/socks-proxy-agent agent-base@7.1.3 OK for: socks-proxy-agent@8.0.5 want: ^7.1.2
373 silly placeDep ROOT socks@2.8.5 OK for: socks-proxy-agent@8.0.5 want: ^2.8.3
374 silly fetch manifest ip-address@^9.0.5
375 silly packumentCache full:https://registry.npmjs.org/ip-address cache-miss
376 silly fetch manifest smart-buffer@^4.2.0
377 silly packumentCache full:https://registry.npmjs.org/smart-buffer cache-miss
378 http fetch GET 200 https://registry.npmjs.org/smart-buffer 247ms (cache miss)
379 silly packumentCache full:https://registry.npmjs.org/smart-buffer set size:undefined disposed:false
380 http fetch GET 200 https://registry.npmjs.org/ip-address 249ms (cache miss)
381 silly packumentCache full:https://registry.npmjs.org/ip-address set size:undefined disposed:false
382 silly placeDep ROOT ip-address@9.0.5 OK for: socks@2.8.5 want: ^9.0.5
383 silly placeDep ROOT smart-buffer@4.2.0 OK for: socks@2.8.5 want: ^4.2.0
384 silly fetch manifest jsbn@1.1.0
385 silly packumentCache full:https://registry.npmjs.org/jsbn cache-miss
386 silly fetch manifest sprintf-js@^1.1.3
387 silly packumentCache full:https://registry.npmjs.org/sprintf-js cache-miss
388 http fetch GET 200 https://registry.npmjs.org/sprintf-js 33ms (cache miss)
389 silly packumentCache full:https://registry.npmjs.org/sprintf-js set size:undefined disposed:false
390 http fetch GET 200 https://registry.npmjs.org/jsbn 270ms (cache miss)
391 silly packumentCache full:https://registry.npmjs.org/jsbn set size:undefined disposed:false
392 silly placeDep ROOT jsbn@1.1.0 OK for: ip-address@9.0.5 want: 1.1.0
393 silly placeDep ROOT sprintf-js@1.1.3 OK for: ip-address@9.0.5 want: ^1.1.3
394 silly fetch manifest bare-buffer@*
395 silly packumentCache full:https://registry.npmjs.org/bare-buffer cache-miss
396 http fetch GET 200 https://registry.npmjs.org/bare-buffer 248ms (cache miss)
397 silly packumentCache full:https://registry.npmjs.org/bare-buffer set size:undefined disposed:false
398 silly placeDep ROOT bare-fs@4.1.5 OK for: tar-fs@3.0.10 want: ^4.0.1
399 silly placeDep ROOT bare-path@3.0.0 OK for: tar-fs@3.0.10 want: ^3.0.0
400 silly placeDep ROOT tar-stream@3.1.7 OK for: tar-fs@3.0.10 want: ^3.1.5
401 silly fetch manifest bare-events@^2.5.4
402 silly packumentCache full:https://registry.npmjs.org/bare-events cache-miss
403 silly fetch manifest bare-stream@^2.6.4
404 silly packumentCache full:https://registry.npmjs.org/bare-stream cache-miss
405 silly fetch manifest bare-os@^3.0.1
406 silly packumentCache full:https://registry.npmjs.org/bare-os cache-miss
407 silly fetch manifest b4a@^1.6.4
408 silly packumentCache full:https://registry.npmjs.org/b4a cache-miss
409 silly fetch manifest fast-fifo@^1.2.0
410 silly packumentCache full:https://registry.npmjs.org/fast-fifo cache-miss
411 silly fetch manifest streamx@^2.15.0
412 silly packumentCache full:https://registry.npmjs.org/streamx cache-miss
413 http fetch GET 200 https://registry.npmjs.org/bare-os 260ms (cache miss)
414 silly packumentCache full:https://registry.npmjs.org/bare-os set size:undefined disposed:false
415 http fetch GET 200 https://registry.npmjs.org/b4a 260ms (cache miss)
416 silly packumentCache full:https://registry.npmjs.org/b4a set size:undefined disposed:false
417 http fetch GET 200 https://registry.npmjs.org/fast-fifo 261ms (cache miss)
418 silly packumentCache full:https://registry.npmjs.org/fast-fifo set size:undefined disposed:false
419 http fetch GET 200 https://registry.npmjs.org/streamx 297ms (cache miss)
420 silly packumentCache full:https://registry.npmjs.org/streamx set size:undefined disposed:false
421 http fetch GET 200 https://registry.npmjs.org/bare-stream 1053ms (cache miss)
422 silly packumentCache full:https://registry.npmjs.org/bare-stream set size:undefined disposed:false
423 http fetch GET 200 https://registry.npmjs.org/bare-events 1063ms (cache miss)
424 silly packumentCache full:https://registry.npmjs.org/bare-events set size:undefined disposed:false
425 silly placeDep ROOT bare-events@2.5.4 OK for: bare-fs@4.1.5 want: ^2.5.4
426 silly placeDep ROOT bare-stream@2.6.5 OK for: bare-fs@4.1.5 want: ^2.6.4
427 silly fetch manifest streamx@^2.21.0
428 silly packumentCache full:https://registry.npmjs.org/streamx cache-miss
429 http cache https://registry.npmjs.org/streamx 3ms (cache hit)
430 silly packumentCache full:https://registry.npmjs.org/streamx set size:155255 disposed:false
431 silly placeDep ROOT bare-os@3.6.1 OK for: bare-path@3.0.0 want: ^3.0.1
432 silly placeDep ROOT streamx@2.22.1 OK for: bare-stream@2.6.5 want: ^2.21.0
433 silly fetch manifest fast-fifo@^1.3.2
434 silly packumentCache full:https://registry.npmjs.org/fast-fifo cache-miss
435 silly fetch manifest text-decoder@^1.1.0
436 silly packumentCache full:https://registry.npmjs.org/text-decoder cache-miss
437 http cache https://registry.npmjs.org/fast-fifo 4ms (cache hit)
438 silly packumentCache full:https://registry.npmjs.org/fast-fifo set size:13855 disposed:false
439 http fetch GET 200 https://registry.npmjs.org/text-decoder 242ms (cache miss)
440 silly packumentCache full:https://registry.npmjs.org/text-decoder set size:undefined disposed:false
441 silly placeDep ROOT fast-fifo@1.3.2 OK for: streamx@2.22.1 want: ^1.3.2
442 silly placeDep ROOT text-decoder@1.2.3 OK for: streamx@2.22.1 want: ^1.1.0
443 silly placeDep ROOT b4a@1.6.7 OK for: tar-stream@3.1.7 want: ^1.6.4
444 silly placeDep ROOT cliui@8.0.1 OK for: yargs@17.7.2 want: ^8.0.1
445 silly placeDep ROOT escalade@3.2.0 OK for: yargs@17.7.2 want: ^3.1.1
446 silly placeDep ROOT get-caller-file@2.0.5 OK for: yargs@17.7.2 want: ^2.0.5
447 silly placeDep ROOT require-directory@2.1.1 OK for: yargs@17.7.2 want: ^2.1.1
448 silly placeDep ROOT y18n@5.0.8 OK for: yargs@17.7.2 want: ^5.0.5
449 silly placeDep ROOT yargs-parser@21.1.1 OK for: yargs@17.7.2 want: ^21.1.1
450 silly fetch manifest wrap-ansi@^7.0.0
451 silly packumentCache full:https://registry.npmjs.org/wrap-ansi cache-miss
452 http fetch GET 200 https://registry.npmjs.org/wrap-ansi 124ms (cache miss)
453 silly packumentCache full:https://registry.npmjs.org/wrap-ansi set size:undefined disposed:false
454 silly placeDep ROOT wrap-ansi@7.0.0 OK for: cliui@8.0.1 want: ^7.0.0
455 silly fetch manifest ansi-styles@^4.0.0
456 silly packumentCache full:https://registry.npmjs.org/ansi-styles cache-miss
457 http fetch GET 200 https://registry.npmjs.org/ansi-styles 58ms (cache miss)
458 silly packumentCache full:https://registry.npmjs.org/ansi-styles set size:undefined disposed:false
459 silly placeDep ROOT ansi-styles@4.3.0 OK for: wrap-ansi@7.0.0 want: ^4.0.0
460 silly fetch manifest color-convert@^2.0.1
461 silly packumentCache full:https://registry.npmjs.org/color-convert cache-miss
462 http fetch GET 200 https://registry.npmjs.org/color-convert 37ms (cache miss)
463 silly packumentCache full:https://registry.npmjs.org/color-convert set size:undefined disposed:false
464 silly placeDep ROOT color-convert@2.0.1 OK for: ansi-styles@4.3.0 want: ^2.0.1
465 silly fetch manifest color-name@~1.1.4
466 silly packumentCache full:https://registry.npmjs.org/color-name cache-miss
467 http fetch GET 200 https://registry.npmjs.org/color-name 37ms (cache miss)
468 silly packumentCache full:https://registry.npmjs.org/color-name set size:undefined disposed:false
469 silly placeDep ROOT color-name@1.1.4 OK for: color-convert@2.0.1 want: ~1.1.4
470 silly placeDep ROOT buffer-crc32@0.2.13 OK for: yauzl@2.10.0 want: ~0.2.3
471 silly placeDep ROOT fd-slicer@1.1.0 OK for: yauzl@2.10.0 want: ~1.1.0
472 silly fetch manifest pend@~1.2.0
473 silly packumentCache full:https://registry.npmjs.org/pend cache-miss
474 http fetch GET 200 https://registry.npmjs.org/pend 255ms (cache miss)
475 silly packumentCache full:https://registry.npmjs.org/pend set size:undefined disposed:false
476 silly placeDep ROOT pend@1.2.0 OK for: fd-slicer@1.1.0 want: ~1.2.0
477 silly reify mark retired [ 'C:\\project\\SHOTDECK\\backend\\node_modules\\debug' ]
478 silly reify mark retired [
478 silly reify   'C:\\project\\SHOTDECK\\backend\\node_modules\\semver',
478 silly reify   'C:\\project\\SHOTDECK\\backend\\node_modules\\.bin\\semver',
478 silly reify   'C:\\project\\SHOTDECK\\backend\\node_modules\\.bin\\semver.cmd',
478 silly reify   'C:\\project\\SHOTDECK\\backend\\node_modules\\.bin\\semver.ps1'
478 silly reify ]
479 silly reify moves {
479 silly reify   'C:\\project\\SHOTDECK\\backend\\node_modules\\debug': 'C:\\project\\SHOTDECK\\backend\\node_modules\\.debug-p5epHQsX',
479 silly reify   'C:\\project\\SHOTDECK\\backend\\node_modules\\semver': 'C:\\project\\SHOTDECK\\backend\\node_modules\\.semver-VUK09526',
479 silly reify   'C:\\project\\SHOTDECK\\backend\\node_modules\\.bin\\semver': 'C:\\project\\SHOTDECK\\backend\\node_modules\\.bin\\.semver-KWUB1w5r',
479 silly reify   'C:\\project\\SHOTDECK\\backend\\node_modules\\.bin\\semver.cmd': 'C:\\project\\SHOTDECK\\backend\\node_modules\\.bin\\.semver.cmd-TCSzh8SC',
479 silly reify   'C:\\project\\SHOTDECK\\backend\\node_modules\\.bin\\semver.ps1': 'C:\\project\\SHOTDECK\\backend\\node_modules\\.bin\\.semver.ps1-RHnQ6LOw'
479 silly reify }
480 silly audit bulk request {
480 silly audit   '@derhuerst/http-basic': [ '8.2.4' ],
480 silly audit   '@mapbox/node-pre-gyp': [ '1.0.11' ],
480 silly audit   '@mongodb-js/saslprep': [ '1.2.2' ],
480 silly audit   '@types/node': [ '10.17.60' ],
480 silly audit   '@types/webidl-conversions': [ '7.0.3' ],
480 silly audit   '@types/whatwg-url': [ '11.0.5' ],
480 silly audit   abbrev: [ '1.1.1' ],
480 silly audit   accepts: [ '2.0.0' ],
480 silly audit   'agent-base': [ '6.0.2', '7.1.3' ],
480 silly audit   'ansi-regex': [ '5.0.1' ],
480 silly audit   anymatch: [ '3.1.3' ],
480 silly audit   aproba: [ '2.0.0' ],
480 silly audit   'are-we-there-yet': [ '2.0.0' ],
480 silly audit   'balanced-match': [ '1.0.2' ],
480 silly audit   bcrypt: [ '5.1.1' ],
480 silly audit   'binary-extensions': [ '2.3.0' ],
480 silly audit   'body-parser': [ '2.2.0' ],
480 silly audit   'brace-expansion': [ '1.1.11' ],
480 silly audit   braces: [ '3.0.3' ],
480 silly audit   bson: [ '6.10.3' ],
480 silly audit   'buffer-equal-constant-time': [ '1.0.1' ],
480 silly audit   'buffer-from': [ '1.1.2' ],
480 silly audit   bytes: [ '3.1.2' ],
480 silly audit   'call-bind-apply-helpers': [ '1.0.2' ],
480 silly audit   'call-bound': [ '1.0.4' ],
480 silly audit   caseless: [ '0.12.0' ],
480 silly audit   chokidar: [ '3.6.0' ],
480 silly audit   chownr: [ '2.0.0' ],
480 silly audit   'color-support': [ '1.1.3' ],
480 silly audit   'concat-map': [ '0.0.1' ],
480 silly audit   'concat-stream': [ '2.0.0' ],
480 silly audit   'console-control-strings': [ '1.1.0' ],
480 silly audit   'content-disposition': [ '1.0.0' ],
480 silly audit   'content-type': [ '1.0.5' ],
480 silly audit   cookie: [ '0.7.2' ],
480 silly audit   'cookie-parser': [ '1.4.7' ],
480 silly audit   'cookie-signature': [ '1.0.6', '1.2.2' ],
480 silly audit   cors: [ '2.8.5' ],
480 silly audit   delegates: [ '1.0.0' ],
480 silly audit   depd: [ '2.0.0' ],
480 silly audit   'detect-libc': [ '2.0.4' ],
480 silly audit   dotenv: [ '16.5.0' ],
480 silly audit   'dunder-proto': [ '1.0.1' ],
480 silly audit   'ecdsa-sig-formatter': [ '1.0.11' ],
480 silly audit   'ee-first': [ '1.1.1' ],
480 silly audit   'emoji-regex': [ '8.0.0' ],
480 silly audit   encodeurl: [ '2.0.0' ],
480 silly audit   'env-paths': [ '2.2.1' ],
480 silly audit   'es-define-property': [ '1.0.1' ],
480 silly audit   'es-errors': [ '1.3.0' ],
480 silly audit   'es-object-atoms': [ '1.1.1' ],
480 silly audit   'escape-html': [ '1.0.3' ],
480 silly audit   etag: [ '1.8.1' ],
480 silly audit   express: [ '5.1.0' ],
480 silly audit   'ffmpeg-static': [ '5.2.0' ],
480 silly audit   'fill-range': [ '7.1.1' ],
480 silly audit   finalhandler: [ '2.1.0' ],
480 silly audit   forwarded: [ '0.2.0' ],
480 silly audit   fresh: [ '2.0.0' ],
480 silly audit   'fs-minipass': [ '2.1.0' ],
480 silly audit   minipass: [ '3.3.6', '5.0.0' ],
480 silly audit   'fs.realpath': [ '1.0.0' ],
480 silly audit   fsevents: [ '2.3.3' ],
480 silly audit   'function-bind': [ '1.1.2' ],
480 silly audit   gauge: [ '3.0.2' ],
480 silly audit   'get-intrinsic': [ '1.3.0' ],
480 silly audit   'get-proto': [ '1.0.1' ],
480 silly audit   glob: [ '7.2.3' ],
480 silly audit   'glob-parent': [ '5.1.2' ],
480 silly audit   gopd: [ '1.2.0' ],
480 silly audit   'has-flag': [ '3.0.0' ],
480 silly audit   'has-symbols': [ '1.1.0' ],
480 silly audit   'has-unicode': [ '2.0.1' ],
480 silly audit   hasown: [ '2.0.2' ],
480 silly audit   'http-errors': [ '2.0.0' ],
480 silly audit   'http-response-object': [ '3.0.2' ],
480 silly audit   'https-proxy-agent': [ '5.0.1', '7.0.6' ],
480 silly audit   'iconv-lite': [ '0.6.3' ],
480 silly audit   'ignore-by-default': [ '1.0.1' ],
480 silly audit   inflight: [ '1.0.6' ],
480 silly audit   inherits: [ '2.0.4' ],
480 silly audit   'ipaddr.js': [ '1.9.1' ],
480 silly audit   'is-binary-path': [ '2.1.0' ],
480 silly audit   'is-extglob': [ '2.1.1' ],
480 silly audit   'is-fullwidth-code-point': [ '3.0.0' ],
480 silly audit   'is-glob': [ '4.0.3' ],
480 silly audit   'is-number': [ '7.0.0' ],
480 silly audit   'is-promise': [ '4.0.0' ],
480 silly audit   jsonwebtoken: [ '9.0.2' ],
480 silly audit   jwa: [ '1.4.1' ],
480 silly audit   jws: [ '3.2.2' ],
480 silly audit   kareem: [ '2.6.3' ],
480 silly audit   'lodash.includes': [ '4.3.0' ],
480 silly audit   'lodash.isboolean': [ '3.0.3' ],
480 silly audit   'lodash.isinteger': [ '4.0.4' ],
480 silly audit   'lodash.isnumber': [ '3.0.3' ],
480 silly audit   'lodash.isplainobject': [ '4.0.6' ],
480 silly audit   'lodash.isstring': [ '4.0.1' ],
480 silly audit   'lodash.once': [ '4.1.1' ],
480 silly audit   'make-dir': [ '3.1.0' ],
480 silly audit   semver: [ '6.3.1', '7.7.2' ],
480 silly audit   'math-intrinsics': [ '1.1.0' ],
480 silly audit   'media-typer': [ '1.1.0' ],
480 silly audit   'memory-pager': [ '1.5.0' ],
480 silly audit   'merge-descriptors': [ '2.0.0' ],
480 silly audit   'mime-db': [ '1.54.0' ],
480 silly audit   'mime-types': [ '3.0.1' ],
480 silly audit   minimatch: [ '3.1.2' ],
480 silly audit   minizlib: [ '2.1.2' ],
480 silly audit   mkdirp: [ '1.0.4' ],
480 silly audit   mongodb: [ '6.16.0' ],
480 silly audit   'mongodb-connection-string-url': [ '3.0.2' ],
480 silly audit   mongoose: [ '8.14.1' ],
480 silly audit   mpath: [ '0.9.0' ],
480 silly audit   mquery: [ '5.0.0' ],
480 silly audit   ms: [ '2.1.3' ],
480 silly audit   negotiator: [ '1.0.0' ],
480 silly audit   'node-addon-api': [ '5.1.0' ],
480 silly audit   'node-fetch': [ '2.7.0' ],
480 silly audit   tr46: [ '0.0.3', '5.1.1' ],
480 silly audit   'webidl-conversions': [ '3.0.1', '7.0.0' ],
480 silly audit   'whatwg-url': [ '5.0.0', '14.2.0' ],
480 silly audit   nodemailer: [ '7.0.3' ],
480 silly audit   nodemon: [ '3.1.10' ],
480 silly audit   nopt: [ '5.0.0' ],
480 silly audit   'normalize-path': [ '3.0.0' ],
480 silly audit   npmlog: [ '5.0.1' ],
480 silly audit   'object-assign': [ '4.1.1' ],
480 silly audit   'object-inspect': [ '1.13.4' ],
480 silly audit   'on-finished': [ '2.4.1' ],
480 silly audit   once: [ '1.4.0' ],
480 silly audit   'parse-cache-control': [ '1.0.1' ],
480 silly audit   parseurl: [ '1.3.3' ],
480 silly audit   'path-is-absolute': [ '1.0.1' ],
480 silly audit   'path-to-regexp': [ '8.2.0' ],
480 silly audit   picomatch: [ '2.3.1' ],
480 silly audit   progress: [ '2.0.3' ],
480 silly audit   'proxy-addr': [ '2.0.7' ],
480 silly audit   'pstree.remy': [ '1.1.8' ],
480 silly audit   punycode: [ '2.3.1' ],
480 silly audit   qs: [ '6.14.0' ],
480 silly audit   'range-parser': [ '1.2.1' ],
480 silly audit   'raw-body': [ '3.0.0' ],
480 silly audit   react: [ '19.1.0' ],
480 silly audit   'react-hook-form': [ '7.56.4' ],
480 silly audit   'readable-stream': [ '3.6.2' ],
480 silly audit   readdirp: [ '3.6.0' ],
480 silly audit   rimraf: [ '3.0.2' ],
480 silly audit   router: [ '2.2.0' ],
480 silly audit   'safe-buffer': [ '5.2.1' ],
480 silly audit   'safer-buffer': [ '2.1.2' ],
480 silly audit   send: [ '1.2.0' ],
480 silly audit   'serve-static': [ '2.2.0' ],
480 silly audit   'set-blocking': [ '2.0.0' ],
480 silly audit   setprototypeof: [ '1.2.0' ],
480 silly audit   'side-channel': [ '1.1.0' ],
480 silly audit   'side-channel-list': [ '1.0.0' ],
480 silly audit   'side-channel-map': [ '1.0.1' ],
480 silly audit   'side-channel-weakmap': [ '1.0.2' ],
480 silly audit   sift: [ '17.1.3' ],
480 silly audit   'signal-exit': [ '3.0.7' ],
480 silly audit   'simple-update-notifier': [ '2.0.0' ],
480 silly audit   'sparse-bitfield': [ '3.0.3' ],
480 silly audit   statuses: [ '2.0.1' ],
480 silly audit   string_decoder: [ '1.3.0' ],
480 silly audit   'string-width': [ '4.2.3' ],
480 silly audit   'strip-ansi': [ '6.0.1' ],
480 silly audit   'supports-color': [ '5.5.0' ],
480 silly audit   tar: [ '6.2.1' ],
480 silly audit   tmp: [ '0.2.3' ],
480 silly audit   'to-regex-range': [ '5.0.1' ],
480 silly audit   toidentifier: [ '1.0.1' ],
480 silly audit   touch: [ '3.1.1' ],
480 silly audit   'type-is': [ '2.0.1' ],
480 silly audit   typedarray: [ '0.0.6' ],
480 silly audit   undefsafe: [ '2.0.5' ],
480 silly audit   unpipe: [ '1.0.0' ],
480 silly audit   'util-deprecate': [ '1.0.2' ],
480 silly audit   vary: [ '1.1.2' ],
480 silly audit   'wide-align': [ '1.1.5' ],
480 silly audit   wrappy: [ '1.0.2' ],
480 silly audit   yallist: [ '4.0.0' ],
480 silly audit   puppeteer: [ '24.10.2' ],
480 silly audit   '@puppeteer/browsers': [ '2.10.5' ],
480 silly audit   'chromium-bidi': [ '5.1.0' ],
480 silly audit   'devtools-protocol': [ '0.0.1452169' ],
480 silly audit   cosmiconfig: [ '9.0.0' ],
480 silly audit   'puppeteer-core': [ '24.10.2' ],
480 silly audit   'typed-query-selector': [ '2.12.0' ],
480 silly audit   debug: [ '4.4.1' ],
480 silly audit   'extract-zip': [ '2.0.1' ],
480 silly audit   'proxy-agent': [ '6.5.0' ],
480 silly audit   'tar-fs': [ '3.0.10' ],
480 silly audit   yargs: [ '17.7.2' ],
480 silly audit   mitt: [ '3.0.1' ],
480 silly audit   zod: [ '3.25.67' ],
480 silly audit   'import-fresh': [ '3.3.1' ],
480 silly audit   'js-yaml': [ '4.1.0' ],
480 silly audit   'parse-json': [ '5.2.0' ],
480 silly audit   '@types/yauzl': [ '2.10.3' ],
480 silly audit   'get-stream': [ '5.2.0' ],
480 silly audit   yauzl: [ '2.10.0' ],
480 silly audit   pump: [ '3.0.3' ],
480 silly audit   'parent-module': [ '1.0.1' ],
480 silly audit   'resolve-from': [ '4.0.0' ],
480 silly audit   argparse: [ '2.0.1' ],
480 silly audit   callsites: [ '3.1.0' ],
480 silly audit   '@babel/code-frame': [ '7.27.1' ],
480 silly audit   'error-ex': [ '1.3.2' ],
480 silly audit   'json-parse-even-better-errors': [ '2.3.1' ],
480 silly audit   'lines-and-columns': [ '1.2.4' ],
480 silly audit   '@babel/helper-validator-identifier': [ '7.27.1' ],
480 silly audit   'js-tokens': [ '4.0.0' ],
480 silly audit   picocolors: [ '1.1.1' ],
480 silly audit   'is-arrayish': [ '0.2.1' ],
480 silly audit   'http-proxy-agent': [ '7.0.2' ],
480 silly audit   'lru-cache': [ '7.18.3' ],
480 silly audit   'pac-proxy-agent': [ '7.2.0' ],
480 silly audit   'proxy-from-env': [ '1.1.0' ],
480 silly audit   'socks-proxy-agent': [ '8.0.5' ],
480 silly audit   '@tootallnate/quickjs-emscripten': [ '0.23.0' ],
480 silly audit   'get-uri': [ '6.0.4' ],
480 silly audit   'pac-resolver': [ '7.0.1' ],
480 silly audit   'basic-ftp': [ '5.0.5' ],
480 silly audit   'data-uri-to-buffer': [ '6.0.2' ],
480 silly audit   degenerator: [ '5.0.1' ],
480 silly audit   netmask: [ '2.0.2' ],
480 silly audit   'ast-types': [ '0.13.4' ],
480 silly audit   escodegen: [ '2.1.0' ],
480 silly audit   esprima: [ '4.0.1' ],
480 silly audit   tslib: [ '2.8.1' ],
480 silly audit   estraverse: [ '5.3.0' ],
480 silly audit   esutils: [ '2.0.3' ],
480 silly audit   'source-map': [ '0.6.1' ],
480 silly audit   'end-of-stream': [ '1.4.5' ],
480 silly audit   ws: [ '8.18.2' ],
480 silly audit   socks: [ '2.8.5' ],
480 silly audit   'ip-address': [ '9.0.5' ],
480 silly audit   'smart-buffer': [ '4.2.0' ],
480 silly audit   jsbn: [ '1.1.0' ],
480 silly audit   'sprintf-js': [ '1.1.3' ],
480 silly audit   'bare-fs': [ '4.1.5' ],
480 silly audit   'bare-path': [ '3.0.0' ],
480 silly audit   'tar-stream': [ '3.1.7' ],
480 silly audit   'bare-events': [ '2.5.4' ],
480 silly audit   'bare-stream': [ '2.6.5' ],
480 silly audit   'bare-os': [ '3.6.1' ],
480 silly audit   streamx: [ '2.22.1' ],
480 silly audit   'fast-fifo': [ '1.3.2' ],
480 silly audit   'text-decoder': [ '1.2.3' ],
480 silly audit   b4a: [ '1.6.7' ],
480 silly audit   cliui: [ '8.0.1' ],
480 silly audit   escalade: [ '3.2.0' ],
480 silly audit   'get-caller-file': [ '2.0.5' ],
480 silly audit   'require-directory': [ '2.1.1' ],
480 silly audit   y18n: [ '5.0.8' ],
480 silly audit   'yargs-parser': [ '21.1.1' ],
480 silly audit   'wrap-ansi': [ '7.0.0' ],
480 silly audit   'ansi-styles': [ '4.3.0' ],
480 silly audit   'color-convert': [ '2.0.1' ],
480 silly audit   'color-name': [ '1.1.4' ],
480 silly audit   'buffer-crc32': [ '0.2.13' ],
480 silly audit   'fd-slicer': [ '1.1.0' ],
480 silly audit   pend: [ '1.2.0' ]
480 silly audit }
481 verbose reify failed optional dependency C:\project\SHOTDECK\backend\node_modules\fsevents
482 silly reify mark deleted [ 'C:\\project\\SHOTDECK\\backend\\node_modules\\fsevents' ]
483 http cache pend@https://registry.npmjs.org/pend/-/pend-1.2.0.tgz 0ms (cache hit)
484 http cache buffer-crc32@https://registry.npmjs.org/buffer-crc32/-/buffer-crc32-0.2.13.tgz 0ms (cache hit)
485 http cache fd-slicer@https://registry.npmjs.org/fd-slicer/-/fd-slicer-1.1.0.tgz 0ms (cache hit)
486 http cache color-convert@https://registry.npmjs.org/color-convert/-/color-convert-2.0.1.tgz 0ms (cache hit)
487 http cache color-name@https://registry.npmjs.org/color-name/-/color-name-1.1.4.tgz 0ms (cache hit)
488 http cache ansi-styles@https://registry.npmjs.org/ansi-styles/-/ansi-styles-4.3.0.tgz 0ms (cache hit)
489 http cache wrap-ansi@https://registry.npmjs.org/wrap-ansi/-/wrap-ansi-7.0.0.tgz 0ms (cache hit)
490 http cache yargs-parser@https://registry.npmjs.org/yargs-parser/-/yargs-parser-21.1.1.tgz 0ms (cache hit)
491 http cache y18n@https://registry.npmjs.org/y18n/-/y18n-5.0.8.tgz 0ms (cache hit)
492 http cache require-directory@https://registry.npmjs.org/require-directory/-/require-directory-2.1.1.tgz 0ms (cache hit)
493 http cache get-caller-file@https://registry.npmjs.org/get-caller-file/-/get-caller-file-2.0.5.tgz 0ms (cache hit)
494 http cache cliui@https://registry.npmjs.org/cliui/-/cliui-8.0.1.tgz 0ms (cache hit)
495 http cache escalade@https://registry.npmjs.org/escalade/-/escalade-3.2.0.tgz 0ms (cache hit)
496 http cache b4a@https://registry.npmjs.org/b4a/-/b4a-1.6.7.tgz 0ms (cache hit)
497 http cache text-decoder@https://registry.npmjs.org/text-decoder/-/text-decoder-1.2.3.tgz 0ms (cache hit)
498 http cache fast-fifo@https://registry.npmjs.org/fast-fifo/-/fast-fifo-1.3.2.tgz 0ms (cache hit)
499 http cache bare-os@https://registry.npmjs.org/bare-os/-/bare-os-3.6.1.tgz 0ms (cache hit)
500 http cache streamx@https://registry.npmjs.org/streamx/-/streamx-2.22.1.tgz 0ms (cache hit)
501 http cache bare-stream@https://registry.npmjs.org/bare-stream/-/bare-stream-2.6.5.tgz 0ms (cache hit)
502 http cache bare-events@https://registry.npmjs.org/bare-events/-/bare-events-2.5.4.tgz 0ms (cache hit)
503 http cache tar-stream@https://registry.npmjs.org/tar-stream/-/tar-stream-3.1.7.tgz 0ms (cache hit)
504 http cache bare-fs@https://registry.npmjs.org/bare-fs/-/bare-fs-4.1.5.tgz 0ms (cache hit)
505 http cache bare-path@https://registry.npmjs.org/bare-path/-/bare-path-3.0.0.tgz 0ms (cache hit)
506 http cache sprintf-js@https://registry.npmjs.org/sprintf-js/-/sprintf-js-1.1.3.tgz 0ms (cache hit)
507 http cache ip-address@https://registry.npmjs.org/ip-address/-/ip-address-9.0.5.tgz 0ms (cache hit)
508 http cache jsbn@https://registry.npmjs.org/jsbn/-/jsbn-1.1.0.tgz 0ms (cache hit)
509 http cache socks@https://registry.npmjs.org/socks/-/socks-2.8.5.tgz 0ms (cache hit)
510 http cache smart-buffer@https://registry.npmjs.org/smart-buffer/-/smart-buffer-4.2.0.tgz 0ms (cache hit)
511 http cache ws@https://registry.npmjs.org/ws/-/ws-8.18.2.tgz 0ms (cache hit)
512 http cache end-of-stream@https://registry.npmjs.org/end-of-stream/-/end-of-stream-1.4.5.tgz 0ms (cache hit)
513 http cache esutils@https://registry.npmjs.org/esutils/-/esutils-2.0.3.tgz 0ms (cache hit)
514 http cache source-map@https://registry.npmjs.org/source-map/-/source-map-0.6.1.tgz 0ms (cache hit)
515 http cache estraverse@https://registry.npmjs.org/estraverse/-/estraverse-5.3.0.tgz 0ms (cache hit)
516 http cache tslib@https://registry.npmjs.org/tslib/-/tslib-2.8.1.tgz 0ms (cache hit)
517 http cache escodegen@https://registry.npmjs.org/escodegen/-/escodegen-2.1.0.tgz 0ms (cache hit)
518 http cache esprima@https://registry.npmjs.org/esprima/-/esprima-4.0.1.tgz 0ms (cache hit)
519 http cache ast-types@https://registry.npmjs.org/ast-types/-/ast-types-0.13.4.tgz 0ms (cache hit)
520 http cache netmask@https://registry.npmjs.org/netmask/-/netmask-2.0.2.tgz 0ms (cache hit)
521 http cache degenerator@https://registry.npmjs.org/degenerator/-/degenerator-5.0.1.tgz 0ms (cache hit)
522 http cache data-uri-to-buffer@https://registry.npmjs.org/data-uri-to-buffer/-/data-uri-to-buffer-6.0.2.tgz 0ms (cache hit)
523 http cache @tootallnate/quickjs-emscripten@https://registry.npmjs.org/@tootallnate/quickjs-emscripten/-/quickjs-emscripten-0.23.0.tgz 0ms (cache hit)
524 http cache basic-ftp@https://registry.npmjs.org/basic-ftp/-/basic-ftp-5.0.5.tgz 0ms (cache hit)
525 http cache pac-resolver@https://registry.npmjs.org/pac-resolver/-/pac-resolver-7.0.1.tgz 0ms (cache hit)
526 http cache get-uri@https://registry.npmjs.org/get-uri/-/get-uri-6.0.4.tgz 0ms (cache hit)
527 http cache socks-proxy-agent@https://registry.npmjs.org/socks-proxy-agent/-/socks-proxy-agent-8.0.5.tgz 0ms (cache hit)
528 http cache proxy-from-env@https://registry.npmjs.org/proxy-from-env/-/proxy-from-env-1.1.0.tgz 0ms (cache hit)
529 http cache pac-proxy-agent@https://registry.npmjs.org/pac-proxy-agent/-/pac-proxy-agent-7.2.0.tgz 0ms (cache hit)
530 http cache lru-cache@https://registry.npmjs.org/lru-cache/-/lru-cache-7.18.3.tgz 0ms (cache hit)
531 http cache http-proxy-agent@https://registry.npmjs.org/http-proxy-agent/-/http-proxy-agent-7.0.2.tgz 0ms (cache hit)
532 http cache @babel/helper-validator-identifier@https://registry.npmjs.org/@babel/helper-validator-identifier/-/helper-validator-identifier-7.27.1.tgz 0ms (cache hit)
533 http cache is-arrayish@https://registry.npmjs.org/is-arrayish/-/is-arrayish-0.2.1.tgz 0ms (cache hit)
534 http cache picocolors@https://registry.npmjs.org/picocolors/-/picocolors-1.1.1.tgz 0ms (cache hit)
535 http cache js-tokens@https://registry.npmjs.org/js-tokens/-/js-tokens-4.0.0.tgz 0ms (cache hit)
536 http cache @babel/code-frame@https://registry.npmjs.org/@babel/code-frame/-/code-frame-7.27.1.tgz 0ms (cache hit)
537 http cache lines-and-columns@https://registry.npmjs.org/lines-and-columns/-/lines-and-columns-1.2.4.tgz 0ms (cache hit)
538 http cache json-parse-even-better-errors@https://registry.npmjs.org/json-parse-even-better-errors/-/json-parse-even-better-errors-2.3.1.tgz 0ms (cache hit)
539 http cache error-ex@https://registry.npmjs.org/error-ex/-/error-ex-1.3.2.tgz 0ms (cache hit)
540 http cache callsites@https://registry.npmjs.org/callsites/-/callsites-3.1.0.tgz 0ms (cache hit)
541 http cache argparse@https://registry.npmjs.org/argparse/-/argparse-2.0.1.tgz 0ms (cache hit)
542 http cache resolve-from@https://registry.npmjs.org/resolve-from/-/resolve-from-4.0.0.tgz 0ms (cache hit)
543 http cache parent-module@https://registry.npmjs.org/parent-module/-/parent-module-1.0.1.tgz 0ms (cache hit)
544 http cache @types/yauzl@https://registry.npmjs.org/@types/yauzl/-/yauzl-2.10.3.tgz 0ms (cache hit)
545 http cache pump@https://registry.npmjs.org/pump/-/pump-3.0.3.tgz 0ms (cache hit)
546 http cache yauzl@https://registry.npmjs.org/yauzl/-/yauzl-2.10.0.tgz 0ms (cache hit)
547 http cache get-stream@https://registry.npmjs.org/get-stream/-/get-stream-5.2.0.tgz 0ms (cache hit)
548 http cache parse-json@https://registry.npmjs.org/parse-json/-/parse-json-5.2.0.tgz 0ms (cache hit)
549 http cache js-yaml@https://registry.npmjs.org/js-yaml/-/js-yaml-4.1.0.tgz 0ms (cache hit)
550 http cache import-fresh@https://registry.npmjs.org/import-fresh/-/import-fresh-3.3.1.tgz 0ms (cache hit)
551 http cache zod@https://registry.npmjs.org/zod/-/zod-3.25.67.tgz 0ms (cache hit)
552 http cache mitt@https://registry.npmjs.org/mitt/-/mitt-3.0.1.tgz 0ms (cache hit)
553 http cache tar-fs@https://registry.npmjs.org/tar-fs/-/tar-fs-3.0.10.tgz 0ms (cache hit)
554 http cache extract-zip@https://registry.npmjs.org/extract-zip/-/extract-zip-2.0.1.tgz 0ms (cache hit)
555 http cache proxy-agent@https://registry.npmjs.org/proxy-agent/-/proxy-agent-6.5.0.tgz 0ms (cache hit)
556 http cache yargs@https://registry.npmjs.org/yargs/-/yargs-17.7.2.tgz 0ms (cache hit)
557 http cache typed-query-selector@https://registry.npmjs.org/typed-query-selector/-/typed-query-selector-2.12.0.tgz 0ms (cache hit)
558 http cache @puppeteer/browsers@https://registry.npmjs.org/@puppeteer/browsers/-/browsers-2.10.5.tgz 0ms (cache hit)
559 http cache cosmiconfig@https://registry.npmjs.org/cosmiconfig/-/cosmiconfig-9.0.0.tgz 0ms (cache hit)
560 http cache devtools-protocol@https://registry.npmjs.org/devtools-protocol/-/devtools-protocol-0.0.1452169.tgz 0ms (cache hit)
561 http cache puppeteer-core@https://registry.npmjs.org/puppeteer-core/-/puppeteer-core-24.10.2.tgz 0ms (cache hit)
562 http cache chromium-bidi@https://registry.npmjs.org/chromium-bidi/-/chromium-bidi-5.1.0.tgz 0ms (cache hit)
563 http cache puppeteer@https://registry.npmjs.org/puppeteer/-/puppeteer-24.10.2.tgz 0ms (cache hit)
564 http cache agent-base@https://registry.npmjs.org/agent-base/-/agent-base-7.1.3.tgz 0ms (cache hit)
565 http cache semver@https://registry.npmjs.org/semver/-/semver-7.7.2.tgz 0ms (cache hit)
566 http cache agent-base@https://registry.npmjs.org/agent-base/-/agent-base-7.1.3.tgz 0ms (cache hit)
567 http cache debug@https://registry.npmjs.org/debug/-/debug-4.4.1.tgz 0ms (cache hit)
568 http cache https-proxy-agent@https://registry.npmjs.org/https-proxy-agent/-/https-proxy-agent-7.0.6.tgz 0ms (cache hit)
569 silly tarball no local data for pend@https://registry.npmjs.org/pend/-/pend-1.2.0.tgz. Extracting by manifest.
570 http cache agent-base@https://registry.npmjs.org/agent-base/-/agent-base-7.1.3.tgz 0ms (cache hit)
571 silly tarball no local data for buffer-crc32@https://registry.npmjs.org/buffer-crc32/-/buffer-crc32-0.2.13.tgz. Extracting by manifest.
572 silly tarball no local data for fd-slicer@https://registry.npmjs.org/fd-slicer/-/fd-slicer-1.1.0.tgz. Extracting by manifest.
573 silly tarball no local data for color-convert@https://registry.npmjs.org/color-convert/-/color-convert-2.0.1.tgz. Extracting by manifest.
574 silly tarball no local data for color-name@https://registry.npmjs.org/color-name/-/color-name-1.1.4.tgz. Extracting by manifest.
575 silly tarball no local data for ansi-styles@https://registry.npmjs.org/ansi-styles/-/ansi-styles-4.3.0.tgz. Extracting by manifest.
576 http cache https-proxy-agent@https://registry.npmjs.org/https-proxy-agent/-/https-proxy-agent-7.0.6.tgz 0ms (cache hit)
577 silly tarball no local data for wrap-ansi@https://registry.npmjs.org/wrap-ansi/-/wrap-ansi-7.0.0.tgz. Extracting by manifest.
578 http cache agent-base@https://registry.npmjs.org/agent-base/-/agent-base-7.1.3.tgz 0ms (cache hit)
579 silly tarball no local data for yargs-parser@https://registry.npmjs.org/yargs-parser/-/yargs-parser-21.1.1.tgz. Extracting by manifest.
580 silly tarball no local data for y18n@https://registry.npmjs.org/y18n/-/y18n-5.0.8.tgz. Extracting by manifest.
581 silly tarball no local data for require-directory@https://registry.npmjs.org/require-directory/-/require-directory-2.1.1.tgz. Extracting by manifest.
582 silly tarball no local data for get-caller-file@https://registry.npmjs.org/get-caller-file/-/get-caller-file-2.0.5.tgz. Extracting by manifest.
583 silly tarball no local data for cliui@https://registry.npmjs.org/cliui/-/cliui-8.0.1.tgz. Extracting by manifest.
584 silly tarball no local data for escalade@https://registry.npmjs.org/escalade/-/escalade-3.2.0.tgz. Extracting by manifest.
585 silly tarball no local data for b4a@https://registry.npmjs.org/b4a/-/b4a-1.6.7.tgz. Extracting by manifest.
586 silly tarball no local data for text-decoder@https://registry.npmjs.org/text-decoder/-/text-decoder-1.2.3.tgz. Extracting by manifest.
587 silly tarball no local data for fast-fifo@https://registry.npmjs.org/fast-fifo/-/fast-fifo-1.3.2.tgz. Extracting by manifest.
588 silly tarball no local data for bare-os@https://registry.npmjs.org/bare-os/-/bare-os-3.6.1.tgz. Extracting by manifest.
589 silly tarball no local data for streamx@https://registry.npmjs.org/streamx/-/streamx-2.22.1.tgz. Extracting by manifest.
590 silly tarball no local data for bare-stream@https://registry.npmjs.org/bare-stream/-/bare-stream-2.6.5.tgz. Extracting by manifest.
591 silly tarball no local data for bare-events@https://registry.npmjs.org/bare-events/-/bare-events-2.5.4.tgz. Extracting by manifest.
592 silly tarball no local data for tar-stream@https://registry.npmjs.org/tar-stream/-/tar-stream-3.1.7.tgz. Extracting by manifest.
593 silly tarball no local data for bare-fs@https://registry.npmjs.org/bare-fs/-/bare-fs-4.1.5.tgz. Extracting by manifest.
594 silly tarball no local data for bare-path@https://registry.npmjs.org/bare-path/-/bare-path-3.0.0.tgz. Extracting by manifest.
595 silly tarball no local data for sprintf-js@https://registry.npmjs.org/sprintf-js/-/sprintf-js-1.1.3.tgz. Extracting by manifest.
596 silly tarball no local data for ip-address@https://registry.npmjs.org/ip-address/-/ip-address-9.0.5.tgz. Extracting by manifest.
597 silly tarball no local data for jsbn@https://registry.npmjs.org/jsbn/-/jsbn-1.1.0.tgz. Extracting by manifest.
598 silly tarball no local data for socks@https://registry.npmjs.org/socks/-/socks-2.8.5.tgz. Extracting by manifest.
599 silly tarball no local data for smart-buffer@https://registry.npmjs.org/smart-buffer/-/smart-buffer-4.2.0.tgz. Extracting by manifest.
600 silly tarball no local data for ws@https://registry.npmjs.org/ws/-/ws-8.18.2.tgz. Extracting by manifest.
601 silly tarball no local data for end-of-stream@https://registry.npmjs.org/end-of-stream/-/end-of-stream-1.4.5.tgz. Extracting by manifest.
602 silly tarball no local data for esutils@https://registry.npmjs.org/esutils/-/esutils-2.0.3.tgz. Extracting by manifest.
603 silly tarball no local data for source-map@https://registry.npmjs.org/source-map/-/source-map-0.6.1.tgz. Extracting by manifest.
604 silly tarball no local data for estraverse@https://registry.npmjs.org/estraverse/-/estraverse-5.3.0.tgz. Extracting by manifest.
605 silly tarball no local data for tslib@https://registry.npmjs.org/tslib/-/tslib-2.8.1.tgz. Extracting by manifest.
606 silly tarball no local data for escodegen@https://registry.npmjs.org/escodegen/-/escodegen-2.1.0.tgz. Extracting by manifest.
607 silly tarball no local data for esprima@https://registry.npmjs.org/esprima/-/esprima-4.0.1.tgz. Extracting by manifest.
608 silly tarball no local data for ast-types@https://registry.npmjs.org/ast-types/-/ast-types-0.13.4.tgz. Extracting by manifest.
609 silly tarball no local data for netmask@https://registry.npmjs.org/netmask/-/netmask-2.0.2.tgz. Extracting by manifest.
610 silly tarball no local data for degenerator@https://registry.npmjs.org/degenerator/-/degenerator-5.0.1.tgz. Extracting by manifest.
611 silly tarball no local data for data-uri-to-buffer@https://registry.npmjs.org/data-uri-to-buffer/-/data-uri-to-buffer-6.0.2.tgz. Extracting by manifest.
612 silly tarball no local data for @tootallnate/quickjs-emscripten@https://registry.npmjs.org/@tootallnate/quickjs-emscripten/-/quickjs-emscripten-0.23.0.tgz. Extracting by manifest.
613 silly tarball no local data for basic-ftp@https://registry.npmjs.org/basic-ftp/-/basic-ftp-5.0.5.tgz. Extracting by manifest.
614 silly tarball no local data for pac-resolver@https://registry.npmjs.org/pac-resolver/-/pac-resolver-7.0.1.tgz. Extracting by manifest.
615 silly tarball no local data for get-uri@https://registry.npmjs.org/get-uri/-/get-uri-6.0.4.tgz. Extracting by manifest.
616 silly tarball no local data for socks-proxy-agent@https://registry.npmjs.org/socks-proxy-agent/-/socks-proxy-agent-8.0.5.tgz. Extracting by manifest.
617 silly tarball no local data for proxy-from-env@https://registry.npmjs.org/proxy-from-env/-/proxy-from-env-1.1.0.tgz. Extracting by manifest.
618 silly tarball no local data for pac-proxy-agent@https://registry.npmjs.org/pac-proxy-agent/-/pac-proxy-agent-7.2.0.tgz. Extracting by manifest.
619 silly tarball no local data for lru-cache@https://registry.npmjs.org/lru-cache/-/lru-cache-7.18.3.tgz. Extracting by manifest.
620 silly tarball no local data for http-proxy-agent@https://registry.npmjs.org/http-proxy-agent/-/http-proxy-agent-7.0.2.tgz. Extracting by manifest.
621 silly tarball no local data for @babel/helper-validator-identifier@https://registry.npmjs.org/@babel/helper-validator-identifier/-/helper-validator-identifier-7.27.1.tgz. Extracting by manifest.
622 silly tarball no local data for is-arrayish@https://registry.npmjs.org/is-arrayish/-/is-arrayish-0.2.1.tgz. Extracting by manifest.
623 silly tarball no local data for picocolors@https://registry.npmjs.org/picocolors/-/picocolors-1.1.1.tgz. Extracting by manifest.
624 silly tarball no local data for js-tokens@https://registry.npmjs.org/js-tokens/-/js-tokens-4.0.0.tgz. Extracting by manifest.
625 silly tarball no local data for @babel/code-frame@https://registry.npmjs.org/@babel/code-frame/-/code-frame-7.27.1.tgz. Extracting by manifest.
626 silly tarball no local data for lines-and-columns@https://registry.npmjs.org/lines-and-columns/-/lines-and-columns-1.2.4.tgz. Extracting by manifest.
627 silly tarball no local data for json-parse-even-better-errors@https://registry.npmjs.org/json-parse-even-better-errors/-/json-parse-even-better-errors-2.3.1.tgz. Extracting by manifest.
628 silly tarball no local data for error-ex@https://registry.npmjs.org/error-ex/-/error-ex-1.3.2.tgz. Extracting by manifest.
629 silly tarball no local data for callsites@https://registry.npmjs.org/callsites/-/callsites-3.1.0.tgz. Extracting by manifest.
630 silly tarball no local data for argparse@https://registry.npmjs.org/argparse/-/argparse-2.0.1.tgz. Extracting by manifest.
631 silly tarball no local data for resolve-from@https://registry.npmjs.org/resolve-from/-/resolve-from-4.0.0.tgz. Extracting by manifest.
632 silly tarball no local data for parent-module@https://registry.npmjs.org/parent-module/-/parent-module-1.0.1.tgz. Extracting by manifest.
633 silly tarball no local data for @types/yauzl@https://registry.npmjs.org/@types/yauzl/-/yauzl-2.10.3.tgz. Extracting by manifest.
634 silly tarball no local data for pump@https://registry.npmjs.org/pump/-/pump-3.0.3.tgz. Extracting by manifest.
635 silly tarball no local data for yauzl@https://registry.npmjs.org/yauzl/-/yauzl-2.10.0.tgz. Extracting by manifest.
636 silly tarball no local data for get-stream@https://registry.npmjs.org/get-stream/-/get-stream-5.2.0.tgz. Extracting by manifest.
637 silly tarball no local data for parse-json@https://registry.npmjs.org/parse-json/-/parse-json-5.2.0.tgz. Extracting by manifest.
638 silly tarball no local data for js-yaml@https://registry.npmjs.org/js-yaml/-/js-yaml-4.1.0.tgz. Extracting by manifest.
639 silly tarball no local data for import-fresh@https://registry.npmjs.org/import-fresh/-/import-fresh-3.3.1.tgz. Extracting by manifest.
640 silly tarball no local data for zod@https://registry.npmjs.org/zod/-/zod-3.25.67.tgz. Extracting by manifest.
641 silly tarball no local data for mitt@https://registry.npmjs.org/mitt/-/mitt-3.0.1.tgz. Extracting by manifest.
642 silly tarball no local data for tar-fs@https://registry.npmjs.org/tar-fs/-/tar-fs-3.0.10.tgz. Extracting by manifest.
643 silly tarball no local data for extract-zip@https://registry.npmjs.org/extract-zip/-/extract-zip-2.0.1.tgz. Extracting by manifest.
644 silly tarball no local data for proxy-agent@https://registry.npmjs.org/proxy-agent/-/proxy-agent-6.5.0.tgz. Extracting by manifest.
645 silly tarball no local data for yargs@https://registry.npmjs.org/yargs/-/yargs-17.7.2.tgz. Extracting by manifest.
646 silly tarball no local data for typed-query-selector@https://registry.npmjs.org/typed-query-selector/-/typed-query-selector-2.12.0.tgz. Extracting by manifest.
647 silly tarball no local data for @puppeteer/browsers@https://registry.npmjs.org/@puppeteer/browsers/-/browsers-2.10.5.tgz. Extracting by manifest.
648 silly tarball no local data for devtools-protocol@https://registry.npmjs.org/devtools-protocol/-/devtools-protocol-0.0.1452169.tgz. Extracting by manifest.
649 silly tarball no local data for cosmiconfig@https://registry.npmjs.org/cosmiconfig/-/cosmiconfig-9.0.0.tgz. Extracting by manifest.
650 silly tarball no local data for puppeteer-core@https://registry.npmjs.org/puppeteer-core/-/puppeteer-core-24.10.2.tgz. Extracting by manifest.
651 silly tarball no local data for chromium-bidi@https://registry.npmjs.org/chromium-bidi/-/chromium-bidi-5.1.0.tgz. Extracting by manifest.
652 silly tarball no local data for puppeteer@https://registry.npmjs.org/puppeteer/-/puppeteer-24.10.2.tgz. Extracting by manifest.
653 silly tarball no local data for agent-base@https://registry.npmjs.org/agent-base/-/agent-base-7.1.3.tgz. Extracting by manifest.
654 silly tarball no local data for semver@https://registry.npmjs.org/semver/-/semver-7.7.2.tgz. Extracting by manifest.
655 silly tarball no local data for agent-base@https://registry.npmjs.org/agent-base/-/agent-base-7.1.3.tgz. Extracting by manifest.
656 silly tarball no local data for debug@https://registry.npmjs.org/debug/-/debug-4.4.1.tgz. Extracting by manifest.
657 silly tarball no local data for https-proxy-agent@https://registry.npmjs.org/https-proxy-agent/-/https-proxy-agent-7.0.6.tgz. Extracting by manifest.
658 silly tarball no local data for agent-base@https://registry.npmjs.org/agent-base/-/agent-base-7.1.3.tgz. Extracting by manifest.
659 silly tarball no local data for https-proxy-agent@https://registry.npmjs.org/https-proxy-agent/-/https-proxy-agent-7.0.6.tgz. Extracting by manifest.
660 silly tarball no local data for agent-base@https://registry.npmjs.org/agent-base/-/agent-base-7.1.3.tgz. Extracting by manifest.
661 http fetch GET 200 https://registry.npmjs.org/color-name/-/color-name-1.1.4.tgz 75ms (cache miss)
662 http fetch GET 200 https://registry.npmjs.org/pend/-/pend-1.2.0.tgz 90ms (cache miss)
663 http fetch GET 200 https://registry.npmjs.org/get-caller-file/-/get-caller-file-2.0.5.tgz 87ms (cache miss)
664 http fetch GET 200 https://registry.npmjs.org/wrap-ansi/-/wrap-ansi-7.0.0.tgz 88ms (cache miss)
665 http fetch GET 200 https://registry.npmjs.org/escalade/-/escalade-3.2.0.tgz 89ms (cache miss)
666 http fetch GET 200 https://registry.npmjs.org/cliui/-/cliui-8.0.1.tgz 92ms (cache miss)
667 http fetch GET 200 https://registry.npmjs.org/b4a/-/b4a-1.6.7.tgz 93ms (cache miss)
668 http fetch GET 200 https://registry.npmjs.org/ansi-styles/-/ansi-styles-4.3.0.tgz 99ms (cache miss)
669 http fetch GET 200 https://registry.npmjs.org/color-convert/-/color-convert-2.0.1.tgz 102ms (cache miss)
670 http fetch GET 200 https://registry.npmjs.org/text-decoder/-/text-decoder-1.2.3.tgz 104ms (cache miss)
671 http fetch GET 200 https://registry.npmjs.org/fast-fifo/-/fast-fifo-1.3.2.tgz 104ms (cache miss)
672 http fetch GET 200 https://registry.npmjs.org/fd-slicer/-/fd-slicer-1.1.0.tgz 109ms (cache miss)
673 http fetch GET 200 https://registry.npmjs.org/y18n/-/y18n-5.0.8.tgz 110ms (cache miss)
674 http fetch GET 200 https://registry.npmjs.org/tar-stream/-/tar-stream-3.1.7.tgz 108ms (cache miss)
675 http fetch GET 200 https://registry.npmjs.org/sprintf-js/-/sprintf-js-1.1.3.tgz 109ms (cache miss)
676 http fetch GET 200 https://registry.npmjs.org/bare-path/-/bare-path-3.0.0.tgz 123ms (cache miss)
677 http fetch GET 200 https://registry.npmjs.org/bare-events/-/bare-events-2.5.4.tgz 125ms (cache miss)
678 http fetch GET 200 https://registry.npmjs.org/buffer-crc32/-/buffer-crc32-0.2.13.tgz 137ms (cache miss)
679 http fetch GET 200 https://registry.npmjs.org/streamx/-/streamx-2.22.1.tgz 134ms (cache miss)
680 http fetch GET 200 https://registry.npmjs.org/jsbn/-/jsbn-1.1.0.tgz 136ms (cache miss)
681 http fetch GET 200 https://registry.npmjs.org/yargs-parser/-/yargs-parser-21.1.1.tgz 139ms (cache miss)
682 http fetch GET 200 https://registry.npmjs.org/bare-stream/-/bare-stream-2.6.5.tgz 205ms (cache miss)
683 http fetch GET 200 https://registry.npmjs.org/estraverse/-/estraverse-5.3.0.tgz 205ms (cache miss)
684 http fetch GET 200 https://registry.npmjs.org/end-of-stream/-/end-of-stream-1.4.5.tgz 208ms (cache miss)
685 http fetch GET 200 https://registry.npmjs.org/proxy-from-env/-/proxy-from-env-1.1.0.tgz 208ms (cache miss)
686 http fetch GET 200 https://registry.npmjs.org/degenerator/-/degenerator-5.0.1.tgz 211ms (cache miss)
687 http fetch GET 200 https://registry.npmjs.org/require-directory/-/require-directory-2.1.1.tgz 222ms (cache miss)
688 http fetch GET 200 https://registry.npmjs.org/esutils/-/esutils-2.0.3.tgz 220ms (cache miss)
689 http fetch GET 200 https://registry.npmjs.org/smart-buffer/-/smart-buffer-4.2.0.tgz 226ms (cache miss)
690 http fetch GET 200 https://registry.npmjs.org/esprima/-/esprima-4.0.1.tgz 234ms (cache miss)
691 http fetch GET 200 https://registry.npmjs.org/lru-cache/-/lru-cache-7.18.3.tgz 235ms (cache miss)
692 http fetch GET 200 https://registry.npmjs.org/http-proxy-agent/-/http-proxy-agent-7.0.2.tgz 259ms (cache miss)
693 http fetch GET 200 https://registry.npmjs.org/bare-os/-/bare-os-3.6.1.tgz 267ms (cache miss)
694 http fetch GET 200 https://registry.npmjs.org/socks/-/socks-2.8.5.tgz 269ms (cache miss)
695 http fetch GET 200 https://registry.npmjs.org/source-map/-/source-map-0.6.1.tgz 267ms (cache miss)
696 http fetch GET 200 https://registry.npmjs.org/ip-address/-/ip-address-9.0.5.tgz 274ms (cache miss)
697 http fetch GET 200 https://registry.npmjs.org/bare-fs/-/bare-fs-4.1.5.tgz 276ms (cache miss)
698 http fetch GET 200 https://registry.npmjs.org/ast-types/-/ast-types-0.13.4.tgz 287ms (cache miss)
699 http fetch GET 200 https://registry.npmjs.org/picocolors/-/picocolors-1.1.1.tgz 289ms (cache miss)
700 http fetch GET 200 https://registry.npmjs.org/is-arrayish/-/is-arrayish-0.2.1.tgz 294ms (cache miss)
701 http fetch GET 200 https://registry.npmjs.org/js-tokens/-/js-tokens-4.0.0.tgz 318ms (cache miss)
702 http fetch GET 200 https://registry.npmjs.org/lines-and-columns/-/lines-and-columns-1.2.4.tgz 348ms (cache miss)
703 http fetch GET 200 https://registry.npmjs.org/netmask/-/netmask-2.0.2.tgz 378ms (cache miss)
704 http fetch GET 200 https://registry.npmjs.org/ws/-/ws-8.18.2.tgz 381ms (cache miss)
705 http fetch POST 200 https://registry.npmjs.org/-/npm/v1/security/advisories/bulk 421ms
706 silly audit report {
706 silly audit report   'brace-expansion': [
706 silly audit report     {
706 silly audit report       id: 1105443,
706 silly audit report       url: 'https://github.com/advisories/GHSA-v6h2-p8h4-qcjw',
706 silly audit report       title: 'brace-expansion Regular Expression Denial of Service vulnerability',
706 silly audit report       severity: 'low',
706 silly audit report       vulnerable_versions: '>=1.0.0 <=1.1.11',
706 silly audit report       cwe: [Array],
706 silly audit report       cvss: [Object]
706 silly audit report     }
706 silly audit report   ]
706 silly audit report }
707 silly packumentCache corgi:https://registry.npmjs.org/brace-expansion cache-miss
708 http fetch GET 200 https://registry.npmjs.org/escodegen/-/escodegen-2.1.0.tgz 405ms (cache miss)
709 http fetch GET 200 https://registry.npmjs.org/data-uri-to-buffer/-/data-uri-to-buffer-6.0.2.tgz 404ms (cache miss)
710 http fetch GET 200 https://registry.npmjs.org/basic-ftp/-/basic-ftp-5.0.5.tgz 413ms (cache miss)
711 http fetch GET 200 https://registry.npmjs.org/error-ex/-/error-ex-1.3.2.tgz 413ms (cache miss)
712 http fetch GET 200 https://registry.npmjs.org/get-uri/-/get-uri-6.0.4.tgz 415ms (cache miss)
713 http fetch GET 200 https://registry.npmjs.org/tslib/-/tslib-2.8.1.tgz 418ms (cache miss)
714 http fetch GET 200 https://registry.npmjs.org/callsites/-/callsites-3.1.0.tgz 419ms (cache miss)
715 http fetch GET 200 https://registry.npmjs.org/parent-module/-/parent-module-1.0.1.tgz 420ms (cache miss)
716 http fetch GET 200 https://registry.npmjs.org/argparse/-/argparse-2.0.1.tgz 426ms (cache miss)
717 http fetch GET 200 https://registry.npmjs.org/pac-proxy-agent/-/pac-proxy-agent-7.2.0.tgz 435ms (cache miss)
718 http fetch GET 200 https://registry.npmjs.org/resolve-from/-/resolve-from-4.0.0.tgz 433ms (cache miss)
719 http fetch GET 200 https://registry.npmjs.org/socks-proxy-agent/-/socks-proxy-agent-8.0.5.tgz 455ms (cache miss)
720 http fetch GET 200 https://registry.npmjs.org/parse-json/-/parse-json-5.2.0.tgz 452ms (cache miss)
721 http fetch GET 200 https://registry.npmjs.org/pump/-/pump-3.0.3.tgz 453ms (cache miss)
722 http fetch GET 200 https://registry.npmjs.org/json-parse-even-better-errors/-/json-parse-even-better-errors-2.3.1.tgz 455ms (cache miss)
723 http fetch GET 200 https://registry.npmjs.org/yauzl/-/yauzl-2.10.0.tgz 455ms (cache miss)
724 http fetch GET 200 https://registry.npmjs.org/get-stream/-/get-stream-5.2.0.tgz 455ms (cache miss)
725 http fetch GET 200 https://registry.npmjs.org/extract-zip/-/extract-zip-2.0.1.tgz 466ms (cache miss)
726 http fetch GET 200 https://registry.npmjs.org/@babel/helper-validator-identifier/-/helper-validator-identifier-7.27.1.tgz 473ms (cache miss)
727 http fetch GET 200 https://registry.npmjs.org/tar-fs/-/tar-fs-3.0.10.tgz 470ms (cache miss)
728 http fetch GET 200 https://registry.npmjs.org/typed-query-selector/-/typed-query-selector-2.12.0.tgz 476ms (cache miss)
729 http fetch GET 200 https://registry.npmjs.org/pac-resolver/-/pac-resolver-7.0.1.tgz 486ms (cache miss)
730 http fetch GET 200 https://registry.npmjs.org/proxy-agent/-/proxy-agent-6.5.0.tgz 511ms (cache miss)
731 http fetch GET 200 https://registry.npmjs.org/mitt/-/mitt-3.0.1.tgz 522ms (cache miss)
732 http fetch GET 200 https://registry.npmjs.org/agent-base/-/agent-base-7.1.3.tgz 596ms (cache miss)
733 http fetch GET 200 https://registry.npmjs.org/@tootallnate/quickjs-emscripten/-/quickjs-emscripten-0.23.0.tgz 616ms (cache miss)
734 http fetch GET 200 https://registry.npmjs.org/semver/-/semver-7.7.2.tgz 622ms (cache miss)
735 http fetch GET 200 https://registry.npmjs.org/https-proxy-agent/-/https-proxy-agent-7.0.6.tgz 637ms (cache miss)
736 http fetch GET 200 https://registry.npmjs.org/debug/-/debug-4.4.1.tgz 640ms (cache miss)
737 http fetch GET 200 https://registry.npmjs.org/agent-base/-/agent-base-7.1.3.tgz 669ms (cache miss)
738 http fetch GET 200 https://registry.npmjs.org/brace-expansion 308ms (cache revalidated)
739 silly packumentCache corgi:https://registry.npmjs.org/brace-expansion set size:16192 disposed:false
740 silly packumentCache corgi:https://registry.npmjs.org/minimatch cache-miss
741 http fetch GET 200 https://registry.npmjs.org/minimatch 37ms (cache revalidated)
742 silly packumentCache corgi:https://registry.npmjs.org/minimatch set size:143741 disposed:false
743 http fetch GET 200 https://registry.npmjs.org/import-fresh/-/import-fresh-3.3.1.tgz 742ms (cache miss)
744 http fetch GET 200 https://registry.npmjs.org/yargs/-/yargs-17.7.2.tgz 762ms (cache miss)
745 http fetch GET 200 https://registry.npmjs.org/agent-base/-/agent-base-7.1.3.tgz 778ms (cache miss)
746 http fetch GET 200 https://registry.npmjs.org/zod/-/zod-3.25.67.tgz 830ms (cache miss)
747 http fetch GET 200 https://registry.npmjs.org/js-yaml/-/js-yaml-4.1.0.tgz 873ms (cache miss)
748 http fetch GET 200 https://registry.npmjs.org/@puppeteer/browsers/-/browsers-2.10.5.tgz 881ms (cache miss)
749 http fetch GET 200 https://registry.npmjs.org/agent-base/-/agent-base-7.1.3.tgz 916ms (cache miss)
750 http fetch GET 200 https://registry.npmjs.org/puppeteer/-/puppeteer-24.10.2.tgz 1003ms (cache miss)
751 http fetch GET 200 https://registry.npmjs.org/https-proxy-agent/-/https-proxy-agent-7.0.6.tgz 1020ms (cache miss)
752 http fetch GET 200 https://registry.npmjs.org/cosmiconfig/-/cosmiconfig-9.0.0.tgz 1194ms (cache miss)
753 http fetch GET 200 https://registry.npmjs.org/@babel/code-frame/-/code-frame-7.27.1.tgz 1210ms (cache miss)
754 http fetch GET 200 https://registry.npmjs.org/devtools-protocol/-/devtools-protocol-0.0.1452169.tgz 1254ms (cache miss)
755 http fetch GET 200 https://registry.npmjs.org/@types/yauzl/-/yauzl-2.10.3.tgz 1419ms (cache miss)
756 http fetch GET 200 https://registry.npmjs.org/chromium-bidi/-/chromium-bidi-5.1.0.tgz 1644ms (cache miss)
757 http fetch GET 200 https://registry.npmjs.org/puppeteer-core/-/puppeteer-core-24.10.2.tgz 1646ms (cache miss)
758 info run puppeteer@24.10.2 postinstall node_modules/puppeteer node install.mjs
759 info run puppeteer@24.10.2 postinstall { code: 0, signal: null }
760 silly ADD node_modules/pend
761 silly ADD node_modules/fd-slicer
762 silly ADD node_modules/buffer-crc32
763 silly ADD node_modules/color-name
764 silly ADD node_modules/color-convert
765 silly ADD node_modules/ansi-styles
766 silly ADD node_modules/wrap-ansi
767 silly ADD node_modules/yargs-parser
768 silly ADD node_modules/y18n
769 silly ADD node_modules/require-directory
770 silly ADD node_modules/get-caller-file
771 silly ADD node_modules/escalade
772 silly ADD node_modules/cliui
773 silly ADD node_modules/b4a
774 silly ADD node_modules/text-decoder
775 silly ADD node_modules/fast-fifo
776 silly ADD node_modules/streamx
777 silly ADD node_modules/bare-os
778 silly ADD node_modules/bare-stream
779 silly ADD node_modules/bare-events
780 silly ADD node_modules/tar-stream
781 silly ADD node_modules/bare-path
782 silly ADD node_modules/bare-fs
783 silly ADD node_modules/sprintf-js
784 silly ADD node_modules/jsbn
785 silly ADD node_modules/smart-buffer
786 silly ADD node_modules/ip-address
787 silly ADD node_modules/socks
788 silly ADD node_modules/ws
789 silly ADD node_modules/end-of-stream
790 silly ADD node_modules/source-map
791 silly ADD node_modules/esutils
792 silly ADD node_modules/estraverse
793 silly ADD node_modules/tslib
794 silly ADD node_modules/esprima
795 silly ADD node_modules/escodegen
796 silly ADD node_modules/ast-types
797 silly ADD node_modules/netmask
798 silly ADD node_modules/degenerator
799 silly ADD node_modules/data-uri-to-buffer
800 silly ADD node_modules/basic-ftp
801 silly ADD node_modules/pac-resolver
802 silly ADD node_modules/get-uri
803 silly ADD node_modules/@tootallnate/quickjs-emscripten
804 silly ADD node_modules/socks-proxy-agent
805 silly ADD node_modules/socks-proxy-agent/node_modules/agent-base
806 silly ADD node_modules/proxy-from-env
807 silly ADD node_modules/pac-proxy-agent
808 silly ADD node_modules/pac-proxy-agent/node_modules/https-proxy-agent
809 silly ADD node_modules/pac-proxy-agent/node_modules/agent-base
810 silly ADD node_modules/lru-cache
811 silly ADD node_modules/http-proxy-agent
812 silly ADD node_modules/http-proxy-agent/node_modules/agent-base
813 silly ADD node_modules/is-arrayish
814 silly ADD node_modules/picocolors
815 silly ADD node_modules/js-tokens
816 silly ADD node_modules/@babel/helper-validator-identifier
817 silly ADD node_modules/lines-and-columns
818 silly ADD node_modules/json-parse-even-better-errors
819 silly ADD node_modules/error-ex
820 silly ADD node_modules/@babel/code-frame
821 silly ADD node_modules/callsites
822 silly ADD node_modules/argparse
823 silly ADD node_modules/resolve-from
824 silly ADD node_modules/parent-module
825 silly ADD node_modules/pump
826 silly ADD node_modules/yauzl
827 silly ADD node_modules/get-stream
828 silly ADD node_modules/@types/yauzl
829 silly ADD node_modules/parse-json
830 silly ADD node_modules/js-yaml
831 silly ADD node_modules/import-fresh
832 silly ADD node_modules/zod
833 silly ADD node_modules/mitt
834 silly ADD node_modules/yargs
835 silly ADD node_modules/tar-fs
836 silly ADD node_modules/proxy-agent
837 silly ADD node_modules/proxy-agent/node_modules/https-proxy-agent
838 silly ADD node_modules/proxy-agent/node_modules/agent-base
839 silly ADD node_modules/extract-zip
840 silly ADD node_modules/typed-query-selector
841 silly ADD node_modules/puppeteer-core
842 silly ADD node_modules/cosmiconfig
843 silly ADD node_modules/devtools-protocol
844 silly ADD node_modules/chromium-bidi
845 silly ADD node_modules/@puppeteer/browsers
846 silly ADD node_modules/puppeteer
847 silly ADD
848 silly CHANGE node_modules/semver
849 silly CHANGE node_modules/debug
850 verbose cwd C:\project\SHOTDECK\backend
851 verbose os Windows_NT 10.0.26100
852 verbose node v22.15.1
853 verbose npm  v10.9.2
854 notice
854 notice New [31mmajor[39m version of npm available! [31m10.9.2[39m -> [34m11.4.2[39m
854 notice Changelog: [34mhttps://github.com/npm/cli/releases/tag/v11.4.2[39m
854 notice To update run: [4mnpm install -g npm@11.4.2[24m
854 notice  { force: true, [Symbol(proc-log.meta)]: true }
855 verbose exit 0
856 info ok
