0 verbose cli C:\Program Files\nodejs\node.exe C:\Program Files\nodejs\node_modules\npm\bin\npm-cli.js
1 info using npm@10.9.2
2 info using node@v22.15.1
3 silly config load:file:C:\Program Files\nodejs\node_modules\npm\npmrc
4 silly config load:file:C:\project\SHOTDECK\backend\.npmrc
5 silly config load:file:C:\Users\rakib\.npmrc
6 silly config load:file:C:\Program Files\nodejs\npm-global\etc\npmrc
7 verbose title npm install tmp node-fetch
8 verbose argv "install" "tmp" "node-fetch"
9 verbose logfile logs-max:10 dir:C:\project\SHOTDECK\backend\UsersmynameAppDataRoamingnpm-cache\_logs\2025-06-28T10_22_44_528Z-
10 verbose logfile C:\project\SHOTDECK\backend\UsersmynameAppDataRoamingnpm-cache\_logs\2025-06-28T10_22_44_528Z-debug-0.log
11 silly logfile start cleaning logs, removing 1 files
12 silly packumentCache heap:4345298944 maxSize:1086324736 maxEntrySize:543162368
13 silly logfile done cleaning log files
14 silly idealTree buildDeps
15 silly fetch manifest tmp@^0.2.3
16 silly packumentCache full:https://registry.npmjs.org/tmp cache-miss
17 http fetch GET 200 https://registry.npmjs.org/tmp 330ms (cache revalidated)
18 silly packumentCache full:https://registry.npmjs.org/tmp set size:70665 disposed:false
19 silly fetch manifest node-fetch@*
20 silly packumentCache full:https://registry.npmjs.org/node-fetch cache-miss
21 http fetch GET 200 https://registry.npmjs.org/node-fetch 311ms (cache miss)
22 silly packumentCache full:https://registry.npmjs.org/node-fetch set size:undefined disposed:false
23 silly placeDep ROOT node-fetch@3.3.2 REPLACE for: mfs-server@1.0.0 want: *
24 silly placeDep ROOT tmp@0.2.3 REPLACE for: mfs-server@1.0.0 want: ^0.2.3
25 silly fetch manifest data-uri-to-buffer@^4.0.0
26 silly packumentCache full:https://registry.npmjs.org/data-uri-to-buffer cache-miss
27 silly fetch manifest fetch-blob@^3.1.4
28 silly packumentCache full:https://registry.npmjs.org/fetch-blob cache-miss
29 silly fetch manifest formdata-polyfill@^4.0.10
30 silly packumentCache full:https://registry.npmjs.org/formdata-polyfill cache-miss
31 http fetch GET 200 https://registry.npmjs.org/formdata-polyfill 236ms (cache miss)
32 silly packumentCache full:https://registry.npmjs.org/formdata-polyfill set size:undefined disposed:false
33 http fetch GET 200 https://registry.npmjs.org/fetch-blob 340ms (cache miss)
34 silly packumentCache full:https://registry.npmjs.org/fetch-blob set size:undefined disposed:false
35 http fetch GET 200 https://registry.npmjs.org/data-uri-to-buffer 377ms (cache revalidated)
36 silly packumentCache full:https://registry.npmjs.org/data-uri-to-buffer set size:43253 disposed:false
37 silly fetch manifest node-fetch@^2.6.7
38 silly packumentCache full:https://registry.npmjs.org/node-fetch cache-miss
39 http cache https://registry.npmjs.org/node-fetch 4ms (cache hit)
40 silly packumentCache full:https://registry.npmjs.org/node-fetch set size:896010 disposed:false
41 silly fetch manifest encoding@^0.1.0
42 silly packumentCache full:https://registry.npmjs.org/encoding cache-miss
43 http fetch GET 200 https://registry.npmjs.org/encoding 265ms (cache miss)
44 silly packumentCache full:https://registry.npmjs.org/encoding set size:undefined disposed:false
45 silly placeDep node_modules/@mapbox/node-pre-gyp node-fetch@2.7.0 OK for: @mapbox/node-pre-gyp@1.0.11 want: ^2.6.7
46 silly fetch manifest whatwg-url@^5.0.0
47 silly packumentCache full:https://registry.npmjs.org/whatwg-url cache-miss
48 http fetch GET 200 https://registry.npmjs.org/whatwg-url 109ms (cache miss)
49 silly packumentCache full:https://registry.npmjs.org/whatwg-url set size:undefined disposed:false
50 silly placeDep node_modules/node-fetch data-uri-to-buffer@4.0.1 OK for: node-fetch@3.3.2 want: ^4.0.0
51 silly placeDep ROOT fetch-blob@3.2.0 OK for: node-fetch@3.3.2 want: ^3.1.4
52 silly placeDep ROOT formdata-polyfill@4.0.10 OK for: node-fetch@3.3.2 want: ^4.0.10
53 silly fetch manifest node-domexception@^1.0.0
54 silly packumentCache full:https://registry.npmjs.org/node-domexception cache-miss
55 silly fetch manifest web-streams-polyfill@^3.0.3
56 silly packumentCache full:https://registry.npmjs.org/web-streams-polyfill cache-miss
57 http fetch GET 200 https://registry.npmjs.org/web-streams-polyfill 53ms (cache miss)
58 silly packumentCache full:https://registry.npmjs.org/web-streams-polyfill set size:undefined disposed:false
59 http fetch GET 200 https://registry.npmjs.org/node-domexception 130ms (cache miss)
60 silly packumentCache full:https://registry.npmjs.org/node-domexception set size:undefined disposed:false
61 silly placeDep ROOT node-domexception@1.0.0 OK for: fetch-blob@3.2.0 want: ^1.0.0
62 silly placeDep ROOT web-streams-polyfill@3.3.3 OK for: fetch-blob@3.2.0 want: ^3.0.3
63 silly placeDep node_modules/@mapbox/node-pre-gyp whatwg-url@5.0.0 OK for: node-fetch@2.7.0 want: ^5.0.0
64 silly fetch manifest tr46@~0.0.3
65 silly packumentCache full:https://registry.npmjs.org/tr46 cache-miss
66 silly fetch manifest webidl-conversions@^3.0.0
67 silly packumentCache full:https://registry.npmjs.org/webidl-conversions cache-miss
68 http fetch GET 200 https://registry.npmjs.org/tr46 104ms (cache miss)
69 silly packumentCache full:https://registry.npmjs.org/tr46 set size:undefined disposed:false
70 http fetch GET 200 https://registry.npmjs.org/webidl-conversions 256ms (cache miss)
71 silly packumentCache full:https://registry.npmjs.org/webidl-conversions set size:undefined disposed:false
72 silly placeDep node_modules/@mapbox/node-pre-gyp tr46@0.0.3 OK for: whatwg-url@5.0.0 want: ~0.0.3
73 silly placeDep node_modules/@mapbox/node-pre-gyp webidl-conversions@3.0.1 OK for: whatwg-url@5.0.0 want: ^3.0.0
74 silly reify mark retired [ 'C:\\project\\SHOTDECK\\backend\\node_modules\\node-fetch' ]
75 silly reify moves {
75 silly reify   'C:\\project\\SHOTDECK\\backend\\node_modules\\node-fetch': 'C:\\project\\SHOTDECK\\backend\\node_modules\\.node-fetch-JoriLcnQ'
75 silly reify }
76 silly audit bulk request {
76 silly audit   '@babel/code-frame': [ '7.27.1' ],
76 silly audit   '@babel/helper-validator-identifier': [ '7.27.1' ],
76 silly audit   '@derhuerst/http-basic': [ '8.2.4' ],
76 silly audit   '@mapbox/node-pre-gyp': [ '1.0.11' ],
76 silly audit   '@mongodb-js/saslprep': [ '1.2.2' ],
76 silly audit   '@puppeteer/browsers': [ '2.10.5' ],
76 silly audit   '@tootallnate/quickjs-emscripten': [ '0.23.0' ],
76 silly audit   '@types/node': [ '10.17.60' ],
76 silly audit   '@types/webidl-conversions': [ '7.0.3' ],
76 silly audit   '@types/whatwg-url': [ '11.0.5' ],
76 silly audit   '@types/yauzl': [ '2.10.3' ],
76 silly audit   abbrev: [ '1.1.1' ],
76 silly audit   accepts: [ '2.0.0' ],
76 silly audit   'agent-base': [ '6.0.2', '7.1.3' ],
76 silly audit   'ansi-regex': [ '5.0.1' ],
76 silly audit   'ansi-styles': [ '4.3.0' ],
76 silly audit   anymatch: [ '3.1.3' ],
76 silly audit   aproba: [ '2.0.0' ],
76 silly audit   'are-we-there-yet': [ '2.0.0' ],
76 silly audit   argparse: [ '2.0.1' ],
76 silly audit   'ast-types': [ '0.13.4' ],
76 silly audit   b4a: [ '1.6.7' ],
76 silly audit   'balanced-match': [ '1.0.2' ],
76 silly audit   'bare-events': [ '2.5.4' ],
76 silly audit   'bare-fs': [ '4.1.5' ],
76 silly audit   'bare-os': [ '3.6.1' ],
76 silly audit   'bare-path': [ '3.0.0' ],
76 silly audit   'bare-stream': [ '2.6.5' ],
76 silly audit   'basic-ftp': [ '5.0.5' ],
76 silly audit   bcrypt: [ '5.1.1' ],
76 silly audit   'binary-extensions': [ '2.3.0' ],
76 silly audit   'body-parser': [ '2.2.0' ],
76 silly audit   'brace-expansion': [ '1.1.11' ],
76 silly audit   braces: [ '3.0.3' ],
76 silly audit   bson: [ '6.10.3' ],
76 silly audit   'buffer-crc32': [ '0.2.13' ],
76 silly audit   'buffer-equal-constant-time': [ '1.0.1' ],
76 silly audit   'buffer-from': [ '1.1.2' ],
76 silly audit   bytes: [ '3.1.2' ],
76 silly audit   'call-bind-apply-helpers': [ '1.0.2' ],
76 silly audit   'call-bound': [ '1.0.4' ],
76 silly audit   callsites: [ '3.1.0' ],
76 silly audit   caseless: [ '0.12.0' ],
76 silly audit   chokidar: [ '3.6.0' ],
76 silly audit   chownr: [ '2.0.0' ],
76 silly audit   'chromium-bidi': [ '5.1.0' ],
76 silly audit   cliui: [ '8.0.1' ],
76 silly audit   'color-convert': [ '2.0.1' ],
76 silly audit   'color-name': [ '1.1.4' ],
76 silly audit   'color-support': [ '1.1.3' ],
76 silly audit   'concat-map': [ '0.0.1' ],
76 silly audit   'concat-stream': [ '2.0.0' ],
76 silly audit   'console-control-strings': [ '1.1.0' ],
76 silly audit   'content-disposition': [ '1.0.0' ],
76 silly audit   'content-type': [ '1.0.5' ],
76 silly audit   cookie: [ '0.7.2' ],
76 silly audit   'cookie-parser': [ '1.4.7' ],
76 silly audit   'cookie-signature': [ '1.0.6', '1.2.2' ],
76 silly audit   cors: [ '2.8.5' ],
76 silly audit   cosmiconfig: [ '9.0.0' ],
76 silly audit   'data-uri-to-buffer': [ '6.0.2', '4.0.1' ],
76 silly audit   debug: [ '4.4.1' ],
76 silly audit   degenerator: [ '5.0.1' ],
76 silly audit   delegates: [ '1.0.0' ],
76 silly audit   depd: [ '2.0.0' ],
76 silly audit   'detect-libc': [ '2.0.4' ],
76 silly audit   'devtools-protocol': [ '0.0.1452169' ],
76 silly audit   dotenv: [ '16.5.0' ],
76 silly audit   'dunder-proto': [ '1.0.1' ],
76 silly audit   'ecdsa-sig-formatter': [ '1.0.11' ],
76 silly audit   'ee-first': [ '1.1.1' ],
76 silly audit   'emoji-regex': [ '8.0.0' ],
76 silly audit   encodeurl: [ '2.0.0' ],
76 silly audit   'end-of-stream': [ '1.4.5' ],
76 silly audit   'env-paths': [ '2.2.1' ],
76 silly audit   'error-ex': [ '1.3.2' ],
76 silly audit   'es-define-property': [ '1.0.1' ],
76 silly audit   'es-errors': [ '1.3.0' ],
76 silly audit   'es-object-atoms': [ '1.1.1' ],
76 silly audit   escalade: [ '3.2.0' ],
76 silly audit   'escape-html': [ '1.0.3' ],
76 silly audit   escodegen: [ '2.1.0' ],
76 silly audit   esprima: [ '4.0.1' ],
76 silly audit   estraverse: [ '5.3.0' ],
76 silly audit   esutils: [ '2.0.3' ],
76 silly audit   etag: [ '1.8.1' ],
76 silly audit   express: [ '5.1.0' ],
76 silly audit   'extract-zip': [ '2.0.1' ],
76 silly audit   'fast-fifo': [ '1.3.2' ],
76 silly audit   'fd-slicer': [ '1.1.0' ],
76 silly audit   'ffmpeg-static': [ '5.2.0' ],
76 silly audit   'fill-range': [ '7.1.1' ],
76 silly audit   finalhandler: [ '2.1.0' ],
76 silly audit   forwarded: [ '0.2.0' ],
76 silly audit   fresh: [ '2.0.0' ],
76 silly audit   'fs-minipass': [ '2.1.0' ],
76 silly audit   minipass: [ '3.3.6', '5.0.0' ],
76 silly audit   'fs.realpath': [ '1.0.0' ],
76 silly audit   fsevents: [ '2.3.3' ],
76 silly audit   'function-bind': [ '1.1.2' ],
76 silly audit   gauge: [ '3.0.2' ],
76 silly audit   'get-caller-file': [ '2.0.5' ],
76 silly audit   'get-intrinsic': [ '1.3.0' ],
76 silly audit   'get-proto': [ '1.0.1' ],
76 silly audit   'get-stream': [ '5.2.0' ],
76 silly audit   'get-uri': [ '6.0.4' ],
76 silly audit   glob: [ '7.2.3' ],
76 silly audit   'glob-parent': [ '5.1.2' ],
76 silly audit   gopd: [ '1.2.0' ],
76 silly audit   'has-flag': [ '3.0.0' ],
76 silly audit   'has-symbols': [ '1.1.0' ],
76 silly audit   'has-unicode': [ '2.0.1' ],
76 silly audit   hasown: [ '2.0.2' ],
76 silly audit   'http-errors': [ '2.0.0' ],
76 silly audit   'http-proxy-agent': [ '7.0.2' ],
76 silly audit   'http-response-object': [ '3.0.2' ],
76 silly audit   'https-proxy-agent': [ '5.0.1', '7.0.6' ],
76 silly audit   'iconv-lite': [ '0.6.3' ],
76 silly audit   'ignore-by-default': [ '1.0.1' ],
76 silly audit   'import-fresh': [ '3.3.1' ],
76 silly audit   inflight: [ '1.0.6' ],
76 silly audit   inherits: [ '2.0.4' ],
76 silly audit   'ip-address': [ '9.0.5' ],
76 silly audit   'ipaddr.js': [ '1.9.1' ],
76 silly audit   'is-arrayish': [ '0.2.1' ],
76 silly audit   'is-binary-path': [ '2.1.0' ],
76 silly audit   'is-extglob': [ '2.1.1' ],
76 silly audit   'is-fullwidth-code-point': [ '3.0.0' ],
76 silly audit   'is-glob': [ '4.0.3' ],
76 silly audit   'is-number': [ '7.0.0' ],
76 silly audit   'is-promise': [ '4.0.0' ],
76 silly audit   'js-tokens': [ '4.0.0' ],
76 silly audit   'js-yaml': [ '4.1.0' ],
76 silly audit   jsbn: [ '1.1.0' ],
76 silly audit   'json-parse-even-better-errors': [ '2.3.1' ],
76 silly audit   jsonwebtoken: [ '9.0.2' ],
76 silly audit   jwa: [ '1.4.1' ],
76 silly audit   jws: [ '3.2.2' ],
76 silly audit   kareem: [ '2.6.3' ],
76 silly audit   'lines-and-columns': [ '1.2.4' ],
76 silly audit   'lodash.includes': [ '4.3.0' ],
76 silly audit   'lodash.isboolean': [ '3.0.3' ],
76 silly audit   'lodash.isinteger': [ '4.0.4' ],
76 silly audit   'lodash.isnumber': [ '3.0.3' ],
76 silly audit   'lodash.isplainobject': [ '4.0.6' ],
76 silly audit   'lodash.isstring': [ '4.0.1' ],
76 silly audit   'lodash.once': [ '4.1.1' ],
76 silly audit   'lru-cache': [ '7.18.3' ],
76 silly audit   'make-dir': [ '3.1.0' ],
76 silly audit   semver: [ '6.3.1', '7.7.2' ],
76 silly audit   'math-intrinsics': [ '1.1.0' ],
76 silly audit   'media-typer': [ '1.1.0' ],
76 silly audit   'memory-pager': [ '1.5.0' ],
76 silly audit   'merge-descriptors': [ '2.0.0' ],
76 silly audit   'mime-db': [ '1.54.0' ],
76 silly audit   'mime-types': [ '3.0.1' ],
76 silly audit   minimatch: [ '3.1.2' ],
76 silly audit   minizlib: [ '2.1.2' ],
76 silly audit   mitt: [ '3.0.1' ],
76 silly audit   mkdirp: [ '1.0.4' ],
76 silly audit   mongodb: [ '6.16.0' ],
76 silly audit   'mongodb-connection-string-url': [ '3.0.2' ],
76 silly audit   mongoose: [ '8.14.1' ],
76 silly audit   mpath: [ '0.9.0' ],
76 silly audit   mquery: [ '5.0.0' ],
76 silly audit   ms: [ '2.1.3' ],
76 silly audit   negotiator: [ '1.0.0' ],
76 silly audit   netmask: [ '2.0.2' ],
76 silly audit   'node-addon-api': [ '5.1.0' ],
76 silly audit   tr46: [ '5.1.1', '0.0.3' ],
76 silly audit   'webidl-conversions': [ '7.0.0', '3.0.1' ],
76 silly audit   'whatwg-url': [ '14.2.0', '5.0.0' ],
76 silly audit   nodemailer: [ '7.0.3' ],
76 silly audit   nodemon: [ '3.1.10' ],
76 silly audit   nopt: [ '5.0.0' ],
76 silly audit   'normalize-path': [ '3.0.0' ],
76 silly audit   npmlog: [ '5.0.1' ],
76 silly audit   'object-assign': [ '4.1.1' ],
76 silly audit   'object-inspect': [ '1.13.4' ],
76 silly audit   'on-finished': [ '2.4.1' ],
76 silly audit   once: [ '1.4.0' ],
76 silly audit   'pac-proxy-agent': [ '7.2.0' ],
76 silly audit   'pac-resolver': [ '7.0.1' ],
76 silly audit   'parent-module': [ '1.0.1' ],
76 silly audit   'parse-cache-control': [ '1.0.1' ],
76 silly audit   'parse-json': [ '5.2.0' ],
76 silly audit   parseurl: [ '1.3.3' ],
76 silly audit   'path-is-absolute': [ '1.0.1' ],
76 silly audit   'path-to-regexp': [ '8.2.0' ],
76 silly audit   pend: [ '1.2.0' ],
76 silly audit   picocolors: [ '1.1.1' ],
76 silly audit   picomatch: [ '2.3.1' ],
76 silly audit   progress: [ '2.0.3' ],
76 silly audit   'proxy-addr': [ '2.0.7' ],
76 silly audit   'proxy-agent': [ '6.5.0' ],
76 silly audit   'proxy-from-env': [ '1.1.0' ],
76 silly audit   'pstree.remy': [ '1.1.8' ],
76 silly audit   pump: [ '3.0.3' ],
76 silly audit   punycode: [ '2.3.1' ],
76 silly audit   puppeteer: [ '24.10.2' ],
76 silly audit   'puppeteer-core': [ '24.10.2' ],
76 silly audit   qs: [ '6.14.0' ],
76 silly audit   'range-parser': [ '1.2.1' ],
76 silly audit   'raw-body': [ '3.0.0' ],
76 silly audit   react: [ '19.1.0' ],
76 silly audit   'react-hook-form': [ '7.56.4' ],
76 silly audit   'readable-stream': [ '3.6.2' ],
76 silly audit   readdirp: [ '3.6.0' ],
76 silly audit   'require-directory': [ '2.1.1' ],
76 silly audit   'resolve-from': [ '4.0.0' ],
76 silly audit   rimraf: [ '3.0.2' ],
76 silly audit   router: [ '2.2.0' ],
76 silly audit   'safe-buffer': [ '5.2.1' ],
76 silly audit   'safer-buffer': [ '2.1.2' ],
76 silly audit   send: [ '1.2.0' ],
76 silly audit   'serve-static': [ '2.2.0' ],
76 silly audit   'set-blocking': [ '2.0.0' ],
76 silly audit   setprototypeof: [ '1.2.0' ],
76 silly audit   'side-channel': [ '1.1.0' ],
76 silly audit   'side-channel-list': [ '1.0.0' ],
76 silly audit   'side-channel-map': [ '1.0.1' ],
76 silly audit   'side-channel-weakmap': [ '1.0.2' ],
76 silly audit   sift: [ '17.1.3' ],
76 silly audit   'signal-exit': [ '3.0.7' ],
76 silly audit   'simple-update-notifier': [ '2.0.0' ],
76 silly audit   'smart-buffer': [ '4.2.0' ],
76 silly audit   socks: [ '2.8.5' ],
76 silly audit   'socks-proxy-agent': [ '8.0.5' ],
76 silly audit   'source-map': [ '0.6.1' ],
76 silly audit   'sparse-bitfield': [ '3.0.3' ],
76 silly audit   'sprintf-js': [ '1.1.3' ],
76 silly audit   statuses: [ '2.0.1' ],
76 silly audit   streamx: [ '2.22.1' ],
76 silly audit   string_decoder: [ '1.3.0' ],
76 silly audit   'string-width': [ '4.2.3' ],
76 silly audit   'strip-ansi': [ '6.0.1' ],
76 silly audit   'supports-color': [ '5.5.0' ],
76 silly audit   tar: [ '6.2.1' ],
76 silly audit   'tar-fs': [ '3.0.10' ],
76 silly audit   'tar-stream': [ '3.1.7' ],
76 silly audit   'text-decoder': [ '1.2.3' ],
76 silly audit   'tmp-promise': [ '3.0.3' ],
76 silly audit   'to-regex-range': [ '5.0.1' ],
76 silly audit   toidentifier: [ '1.0.1' ],
76 silly audit   touch: [ '3.1.1' ],
76 silly audit   tslib: [ '2.8.1' ],
76 silly audit   'type-is': [ '2.0.1' ],
76 silly audit   'typed-query-selector': [ '2.12.0' ],
76 silly audit   typedarray: [ '0.0.6' ],
76 silly audit   undefsafe: [ '2.0.5' ],
76 silly audit   unpipe: [ '1.0.0' ],
76 silly audit   'util-deprecate': [ '1.0.2' ],
76 silly audit   vary: [ '1.1.2' ],
76 silly audit   'wide-align': [ '1.1.5' ],
76 silly audit   'wrap-ansi': [ '7.0.0' ],
76 silly audit   wrappy: [ '1.0.2' ],
76 silly audit   ws: [ '8.18.2' ],
76 silly audit   y18n: [ '5.0.8' ],
76 silly audit   yallist: [ '4.0.0' ],
76 silly audit   yargs: [ '17.7.2' ],
76 silly audit   'yargs-parser': [ '21.1.1' ],
76 silly audit   yauzl: [ '2.10.0' ],
76 silly audit   zod: [ '3.25.67' ],
76 silly audit   'node-fetch': [ '3.3.2', '2.7.0' ],
76 silly audit   tmp: [ '0.2.3' ],
76 silly audit   'fetch-blob': [ '3.2.0' ],
76 silly audit   'formdata-polyfill': [ '4.0.10' ],
76 silly audit   'node-domexception': [ '1.0.0' ],
76 silly audit   'web-streams-polyfill': [ '3.3.3' ]
76 silly audit }
77 verbose reify failed optional dependency C:\project\SHOTDECK\backend\node_modules\fsevents
78 silly reify mark deleted [ 'C:\\project\\SHOTDECK\\backend\\node_modules\\fsevents' ]
79 http cache node-domexception@https://registry.npmjs.org/node-domexception/-/node-domexception-1.0.0.tgz 0ms (cache hit)
80 http cache web-streams-polyfill@https://registry.npmjs.org/web-streams-polyfill/-/web-streams-polyfill-3.3.3.tgz 0ms (cache hit)
81 http cache formdata-polyfill@https://registry.npmjs.org/formdata-polyfill/-/formdata-polyfill-4.0.10.tgz 0ms (cache hit)
82 http cache data-uri-to-buffer@https://registry.npmjs.org/data-uri-to-buffer/-/data-uri-to-buffer-4.0.1.tgz 0ms (cache hit)
83 http cache webidl-conversions@https://registry.npmjs.org/webidl-conversions/-/webidl-conversions-3.0.1.tgz 0ms (cache hit)
84 http cache node-fetch@https://registry.npmjs.org/node-fetch/-/node-fetch-3.3.2.tgz 0ms (cache hit)
85 http cache fetch-blob@https://registry.npmjs.org/fetch-blob/-/fetch-blob-3.2.0.tgz 0ms (cache hit)
86 silly tarball no local data for node-domexception@https://registry.npmjs.org/node-domexception/-/node-domexception-1.0.0.tgz. Extracting by manifest.
87 silly tarball no local data for web-streams-polyfill@https://registry.npmjs.org/web-streams-polyfill/-/web-streams-polyfill-3.3.3.tgz. Extracting by manifest.
88 http cache whatwg-url@https://registry.npmjs.org/whatwg-url/-/whatwg-url-5.0.0.tgz 0ms (cache hit)
89 silly tarball no local data for formdata-polyfill@https://registry.npmjs.org/formdata-polyfill/-/formdata-polyfill-4.0.10.tgz. Extracting by manifest.
90 http cache tr46@https://registry.npmjs.org/tr46/-/tr46-0.0.3.tgz 0ms (cache hit)
91 http cache node-fetch@https://registry.npmjs.org/node-fetch/-/node-fetch-2.7.0.tgz 0ms (cache hit)
92 silly tarball no local data for data-uri-to-buffer@https://registry.npmjs.org/data-uri-to-buffer/-/data-uri-to-buffer-4.0.1.tgz. Extracting by manifest.
93 silly tarball no local data for webidl-conversions@https://registry.npmjs.org/webidl-conversions/-/webidl-conversions-3.0.1.tgz. Extracting by manifest.
94 silly tarball no local data for node-fetch@https://registry.npmjs.org/node-fetch/-/node-fetch-3.3.2.tgz. Extracting by manifest.
95 silly tarball no local data for fetch-blob@https://registry.npmjs.org/fetch-blob/-/fetch-blob-3.2.0.tgz. Extracting by manifest.
96 silly tarball no local data for whatwg-url@https://registry.npmjs.org/whatwg-url/-/whatwg-url-5.0.0.tgz. Extracting by manifest.
97 silly tarball no local data for tr46@https://registry.npmjs.org/tr46/-/tr46-0.0.3.tgz. Extracting by manifest.
98 silly tarball no local data for node-fetch@https://registry.npmjs.org/node-fetch/-/node-fetch-2.7.0.tgz. Extracting by manifest.
99 http fetch GET 200 https://registry.npmjs.org/webidl-conversions/-/webidl-conversions-3.0.1.tgz 67ms (cache miss)
100 http fetch GET 200 https://registry.npmjs.org/node-domexception/-/node-domexception-1.0.0.tgz 133ms (cache miss)
101 http fetch GET 200 https://registry.npmjs.org/formdata-polyfill/-/formdata-polyfill-4.0.10.tgz 136ms (cache miss)
102 http fetch GET 200 https://registry.npmjs.org/data-uri-to-buffer/-/data-uri-to-buffer-4.0.1.tgz 136ms (cache miss)
103 http fetch GET 200 https://registry.npmjs.org/tr46/-/tr46-0.0.3.tgz 136ms (cache miss)
104 http fetch GET 200 https://registry.npmjs.org/node-fetch/-/node-fetch-3.3.2.tgz 161ms (cache miss)
105 warn deprecated node-domexception@1.0.0: Use your platform's native DOMException instead
106 http fetch GET 200 https://registry.npmjs.org/fetch-blob/-/fetch-blob-3.2.0.tgz 297ms (cache miss)
107 http fetch POST 200 https://registry.npmjs.org/-/npm/v1/security/advisories/bulk 315ms
108 silly audit report {
108 silly audit report   'brace-expansion': [
108 silly audit report     {
108 silly audit report       id: 1105443,
108 silly audit report       url: 'https://github.com/advisories/GHSA-v6h2-p8h4-qcjw',
108 silly audit report       title: 'brace-expansion Regular Expression Denial of Service vulnerability',
108 silly audit report       severity: 'low',
108 silly audit report       vulnerable_versions: '>=1.0.0 <=1.1.11',
108 silly audit report       cwe: [Array],
108 silly audit report       cvss: [Object]
108 silly audit report     }
108 silly audit report   ]
108 silly audit report }
109 silly packumentCache corgi:https://registry.npmjs.org/brace-expansion cache-miss
110 http fetch GET 200 https://registry.npmjs.org/brace-expansion 37ms (cache revalidated)
111 silly packumentCache corgi:https://registry.npmjs.org/brace-expansion set size:16192 disposed:false
112 silly packumentCache corgi:https://registry.npmjs.org/minimatch cache-miss
113 http fetch GET 200 https://registry.npmjs.org/whatwg-url/-/whatwg-url-5.0.0.tgz 346ms (cache miss)
114 http fetch GET 200 https://registry.npmjs.org/minimatch 108ms (cache revalidated)
115 silly packumentCache corgi:https://registry.npmjs.org/minimatch set size:143741 disposed:false
116 http fetch GET 200 https://registry.npmjs.org/node-fetch/-/node-fetch-2.7.0.tgz 798ms (cache miss)
117 http fetch GET 200 https://registry.npmjs.org/web-streams-polyfill/-/web-streams-polyfill-3.3.3.tgz 1349ms (cache miss)
118 silly ADD node_modules/web-streams-polyfill
119 silly ADD node_modules/node-domexception
120 silly ADD node_modules/formdata-polyfill
121 silly ADD node_modules/fetch-blob
122 silly ADD
123 silly CHANGE node_modules/node-fetch
124 silly ADD node_modules/node-fetch/node_modules/data-uri-to-buffer
125 silly REMOVE node_modules/node-fetch/node_modules/whatwg-url
126 silly REMOVE node_modules/node-fetch/node_modules/webidl-conversions
127 silly REMOVE node_modules/node-fetch/node_modules/tr46
128 silly ADD node_modules/@mapbox/node-pre-gyp/node_modules/webidl-conversions
129 silly ADD node_modules/@mapbox/node-pre-gyp/node_modules/tr46
130 silly ADD node_modules/@mapbox/node-pre-gyp/node_modules/whatwg-url
131 silly ADD node_modules/@mapbox/node-pre-gyp/node_modules/node-fetch
132 verbose cwd C:\project\SHOTDECK\backend
133 verbose os Windows_NT 10.0.26100
134 verbose node v22.15.1
135 verbose npm  v10.9.2
136 verbose exit 0
137 info ok
