0 verbose cli C:\Program Files\nodejs\node.exe C:\Program Files\nodejs\node_modules\npm\bin\npm-cli.js
1 info using npm@10.9.2
2 info using node@v22.15.1
3 silly config load:file:C:\Program Files\nodejs\node_modules\npm\npmrc
4 silly config load:file:C:\Users\rakib\.npmrc
5 silly config load:file:C:\Program Files\nodejs\npm-global\etc\npmrc
6 verbose title npm install mongosh
7 verbose argv "install" "--global" "mongosh" "--force"
8 verbose logfile logs-max:10 dir:C:\project\SHOTDECK\backend\UsersmynameAppDataRoamingnpm-cache\_logs\2025-06-20T12_18_31_595Z-
9 verbose logfile C:\project\SHOTDECK\backend\UsersmynameAppDataRoamingnpm-cache\_logs\2025-06-20T12_18_31_595Z-debug-0.log
10 warn using --force Recommended protections disabled.
11 silly packumentCache heap:4345298944 maxSize:1086324736 maxEntrySize:543162368
12 silly logfile start cleaning logs, removing 1 files
13 verbose stack Error: EPERM: operation not permitted, mkdir 'C:\Program Files\nodejs\npm-global'
13 verbose stack     at async mkdir (node:internal/fs/promises:852:10)
13 verbose stack     at async Arborist.reify (C:\Program Files\nodejs\node_modules\npm\node_modules\@npmcli\arborist\lib\arborist\reify.js:126:7)
13 verbose stack     at async Install.exec (C:\Program Files\nodejs\node_modules\npm\lib\commands\install.js:150:5)
13 verbose stack     at async Npm.exec (C:\Program Files\nodejs\node_modules\npm\lib\npm.js:207:9)
13 verbose stack     at async module.exports (C:\Program Files\nodejs\node_modules\npm\lib\cli\entry.js:74:5)
14 error code EPERM
15 error syscall mkdir
16 error path C:\Program Files\nodejs\npm-global
17 error errno -4048
18 error Error: EPERM: operation not permitted, mkdir 'C:\Program Files\nodejs\npm-global'
18 error     at async mkdir (node:internal/fs/promises:852:10)
18 error     at async Arborist.reify (C:\Program Files\nodejs\node_modules\npm\node_modules\@npmcli\arborist\lib\arborist\reify.js:126:7)
18 error     at async Install.exec (C:\Program Files\nodejs\node_modules\npm\lib\commands\install.js:150:5)
18 error     at async Npm.exec (C:\Program Files\nodejs\node_modules\npm\lib\npm.js:207:9)
18 error     at async module.exports (C:\Program Files\nodejs\node_modules\npm\lib\cli\entry.js:74:5) {
18 error   errno: -4048,
18 error   code: 'EPERM',
18 error   syscall: 'mkdir',
18 error   path: 'C:\\Program Files\\nodejs\\npm-global'
18 error }
19 error
19 error The operation was rejected by your operating system.
19 error It's possible that the file was already in use (by a text editor or antivirus),
19 error or that you lack permissions to access it.
19 error
19 error If you believe this might be a permissions issue, please double-check the
19 error permissions of the file and its containing directories, or try running
19 error the command again as root/Administrator.
20 silly unfinished npm timer reify 1750421911858
21 verbose cwd C:\project\SHOTDECK\backend
22 verbose os Windows_NT 10.0.26100
23 verbose node v22.15.1
24 verbose npm  v10.9.2
25 verbose exit -4048
26 verbose code -4048
27 error A complete log of this run can be found in: C:\project\SHOTDECK\backend\UsersmynameAppDataRoamingnpm-cache\_logs\2025-06-20T12_18_31_595Z-debug-0.log
