0 verbose cli C:\Program Files\nodejs\node.exe C:\Program Files\nodejs\node_modules\npm\bin\npm-cli.js
1 info using npm@10.9.2
2 info using node@v22.15.1
3 silly config load:file:C:\Program Files\nodejs\node_modules\npm\npmrc
4 silly config load:file:C:\project\SHOTDECK\backend\.npmrc
5 silly config load:file:C:\Users\rakib\.npmrc
6 silly config load:file:C:\Program Files\nodejs\npm-global\etc\npmrc
7 verbose title npm install ffmpeg-static
8 verbose argv "install" "ffmpeg-static"
9 verbose logfile logs-max:10 dir:C:\project\SHOTDECK\backend\UsersmynameAppDataRoamingnpm-cache\_logs\2025-06-14T04_29_48_574Z-
10 verbose logfile C:\project\SHOTDECK\backend\UsersmynameAppDataRoamingnpm-cache\_logs\2025-06-14T04_29_48_574Z-debug-0.log
11 silly logfile start cleaning logs, removing 1 files
12 silly packumentCache heap:4345298944 maxSize:1086324736 maxEntrySize:543162368
13 silly logfile done cleaning log files
14 silly idealTree buildDeps
15 silly fetch manifest ffmpeg-static@*
16 silly packumentCache full:https://registry.npmjs.org/ffmpeg-static cache-miss
17 http cache https://registry.npmjs.org/ffmpeg-static 28ms (cache hit)
18 silly packumentCache full:https://registry.npmjs.org/ffmpeg-static set size:98814 disposed:false
19 silly placeDep ROOT ffmpeg-static@5.2.0 OK for: mfs-server@1.0.0 want: *
20 silly fetch manifest @derhuerst/http-basic@^8.2.0
21 silly packumentCache full:https://registry.npmjs.org/@derhuerst%2fhttp-basic cache-miss
22 silly fetch manifest env-paths@^2.2.0
23 silly packumentCache full:https://registry.npmjs.org/env-paths cache-miss
24 silly fetch manifest progress@^2.0.3
25 silly packumentCache full:https://registry.npmjs.org/progress cache-miss
26 http fetch GET 200 https://registry.npmjs.org/progress 277ms (cache miss)
27 silly packumentCache full:https://registry.npmjs.org/progress set size:undefined disposed:false
28 http fetch GET 200 https://registry.npmjs.org/env-paths 285ms (cache miss)
29 silly packumentCache full:https://registry.npmjs.org/env-paths set size:undefined disposed:false
30 http fetch GET 200 https://registry.npmjs.org/@derhuerst%2fhttp-basic 709ms (cache miss)
31 silly packumentCache full:https://registry.npmjs.org/@derhuerst%2fhttp-basic set size:undefined disposed:false
32 silly placeDep ROOT @derhuerst/http-basic@8.2.4 OK for: ffmpeg-static@5.2.0 want: ^8.2.0
33 silly placeDep ROOT env-paths@2.2.1 OK for: ffmpeg-static@5.2.0 want: ^2.2.0
34 silly placeDep ROOT progress@2.0.3 OK for: ffmpeg-static@5.2.0 want: ^2.0.3
35 silly fetch manifest caseless@^0.12.0
36 silly packumentCache full:https://registry.npmjs.org/caseless cache-miss
37 silly fetch manifest concat-stream@^2.0.0
38 silly packumentCache full:https://registry.npmjs.org/concat-stream cache-miss
39 silly fetch manifest http-response-object@^3.0.1
40 silly packumentCache full:https://registry.npmjs.org/http-response-object cache-miss
41 silly fetch manifest parse-cache-control@^1.0.1
42 silly packumentCache full:https://registry.npmjs.org/parse-cache-control cache-miss
43 http fetch GET 200 https://registry.npmjs.org/caseless 237ms (cache miss)
44 silly packumentCache full:https://registry.npmjs.org/caseless set size:undefined disposed:false
45 http fetch GET 200 https://registry.npmjs.org/http-response-object 239ms (cache miss)
46 silly packumentCache full:https://registry.npmjs.org/http-response-object set size:undefined disposed:false
47 http fetch GET 200 https://registry.npmjs.org/concat-stream 241ms (cache miss)
48 silly packumentCache full:https://registry.npmjs.org/concat-stream set size:undefined disposed:false
49 http fetch GET 200 https://registry.npmjs.org/parse-cache-control 265ms (cache miss)
50 silly packumentCache full:https://registry.npmjs.org/parse-cache-control set size:undefined disposed:false
51 silly placeDep ROOT caseless@0.12.0 OK for: @derhuerst/http-basic@8.2.4 want: ^0.12.0
52 silly placeDep ROOT concat-stream@2.0.0 OK for: @derhuerst/http-basic@8.2.4 want: ^2.0.0
53 silly placeDep ROOT http-response-object@3.0.2 OK for: @derhuerst/http-basic@8.2.4 want: ^3.0.1
54 silly placeDep ROOT parse-cache-control@1.0.1 OK for: @derhuerst/http-basic@8.2.4 want: ^1.0.1
55 silly fetch manifest buffer-from@^1.0.0
56 silly packumentCache full:https://registry.npmjs.org/buffer-from cache-miss
57 silly fetch manifest typedarray@^0.0.6
58 silly packumentCache full:https://registry.npmjs.org/typedarray cache-miss
59 silly fetch manifest @types/node@^10.0.3
60 silly packumentCache full:https://registry.npmjs.org/@types%2fnode cache-miss
61 http fetch GET 200 https://registry.npmjs.org/@types%2fnode 226ms (cache miss)
62 silly packumentCache full:https://registry.npmjs.org/@types%2fnode set size:undefined disposed:false
63 http fetch GET 200 https://registry.npmjs.org/buffer-from 308ms (cache miss)
64 silly packumentCache full:https://registry.npmjs.org/buffer-from set size:undefined disposed:false
65 http fetch GET 200 https://registry.npmjs.org/typedarray 308ms (cache miss)
66 silly packumentCache full:https://registry.npmjs.org/typedarray set size:undefined disposed:false
67 silly placeDep ROOT buffer-from@1.1.2 OK for: concat-stream@2.0.0 want: ^1.0.0
68 silly placeDep ROOT typedarray@0.0.6 OK for: concat-stream@2.0.0 want: ^0.0.6
69 silly placeDep ROOT @types/node@10.17.60 OK for: http-response-object@3.0.2 want: ^10.0.3
70 silly reify moves {}
71 silly audit bulk request {
71 silly audit   '@mapbox/node-pre-gyp': [ '1.0.11' ],
71 silly audit   '@mongodb-js/saslprep': [ '1.2.2' ],
71 silly audit   '@types/webidl-conversions': [ '7.0.3' ],
71 silly audit   '@types/whatwg-url': [ '11.0.5' ],
71 silly audit   abbrev: [ '1.1.1' ],
71 silly audit   accepts: [ '2.0.0' ],
71 silly audit   'agent-base': [ '6.0.2' ],
71 silly audit   'ansi-regex': [ '5.0.1' ],
71 silly audit   anymatch: [ '3.1.3' ],
71 silly audit   aproba: [ '2.0.0' ],
71 silly audit   'are-we-there-yet': [ '2.0.0' ],
71 silly audit   'balanced-match': [ '1.0.2' ],
71 silly audit   bcrypt: [ '5.1.1' ],
71 silly audit   'binary-extensions': [ '2.3.0' ],
71 silly audit   'body-parser': [ '2.2.0' ],
71 silly audit   'brace-expansion': [ '1.1.11' ],
71 silly audit   braces: [ '3.0.3' ],
71 silly audit   bson: [ '6.10.3' ],
71 silly audit   'buffer-equal-constant-time': [ '1.0.1' ],
71 silly audit   bytes: [ '3.1.2' ],
71 silly audit   'call-bind-apply-helpers': [ '1.0.2' ],
71 silly audit   'call-bound': [ '1.0.4' ],
71 silly audit   chokidar: [ '3.6.0' ],
71 silly audit   chownr: [ '2.0.0' ],
71 silly audit   'color-support': [ '1.1.3' ],
71 silly audit   'concat-map': [ '0.0.1' ],
71 silly audit   'console-control-strings': [ '1.1.0' ],
71 silly audit   'content-disposition': [ '1.0.0' ],
71 silly audit   'content-type': [ '1.0.5' ],
71 silly audit   cookie: [ '0.7.2' ],
71 silly audit   'cookie-parser': [ '1.4.7' ],
71 silly audit   'cookie-signature': [ '1.0.6', '1.2.2' ],
71 silly audit   cors: [ '2.8.5' ],
71 silly audit   debug: [ '4.4.0' ],
71 silly audit   delegates: [ '1.0.0' ],
71 silly audit   depd: [ '2.0.0' ],
71 silly audit   'detect-libc': [ '2.0.4' ],
71 silly audit   dotenv: [ '16.5.0' ],
71 silly audit   'dunder-proto': [ '1.0.1' ],
71 silly audit   'ecdsa-sig-formatter': [ '1.0.11' ],
71 silly audit   'ee-first': [ '1.1.1' ],
71 silly audit   'emoji-regex': [ '8.0.0' ],
71 silly audit   encodeurl: [ '2.0.0' ],
71 silly audit   'es-define-property': [ '1.0.1' ],
71 silly audit   'es-errors': [ '1.3.0' ],
71 silly audit   'es-object-atoms': [ '1.1.1' ],
71 silly audit   'escape-html': [ '1.0.3' ],
71 silly audit   etag: [ '1.8.1' ],
71 silly audit   express: [ '5.1.0' ],
71 silly audit   'fill-range': [ '7.1.1' ],
71 silly audit   finalhandler: [ '2.1.0' ],
71 silly audit   forwarded: [ '0.2.0' ],
71 silly audit   fresh: [ '2.0.0' ],
71 silly audit   'fs-minipass': [ '2.1.0' ],
71 silly audit   minipass: [ '3.3.6', '5.0.0' ],
71 silly audit   'fs.realpath': [ '1.0.0' ],
71 silly audit   fsevents: [ '2.3.3' ],
71 silly audit   'function-bind': [ '1.1.2' ],
71 silly audit   gauge: [ '3.0.2' ],
71 silly audit   'get-intrinsic': [ '1.3.0' ],
71 silly audit   'get-proto': [ '1.0.1' ],
71 silly audit   glob: [ '7.2.3' ],
71 silly audit   'glob-parent': [ '5.1.2' ],
71 silly audit   gopd: [ '1.2.0' ],
71 silly audit   'has-flag': [ '3.0.0' ],
71 silly audit   'has-symbols': [ '1.1.0' ],
71 silly audit   'has-unicode': [ '2.0.1' ],
71 silly audit   hasown: [ '2.0.2' ],
71 silly audit   'http-errors': [ '2.0.0' ],
71 silly audit   'https-proxy-agent': [ '5.0.1' ],
71 silly audit   'iconv-lite': [ '0.6.3' ],
71 silly audit   'ignore-by-default': [ '1.0.1' ],
71 silly audit   inflight: [ '1.0.6' ],
71 silly audit   inherits: [ '2.0.4' ],
71 silly audit   'ipaddr.js': [ '1.9.1' ],
71 silly audit   'is-binary-path': [ '2.1.0' ],
71 silly audit   'is-extglob': [ '2.1.1' ],
71 silly audit   'is-fullwidth-code-point': [ '3.0.0' ],
71 silly audit   'is-glob': [ '4.0.3' ],
71 silly audit   'is-number': [ '7.0.0' ],
71 silly audit   'is-promise': [ '4.0.0' ],
71 silly audit   jsonwebtoken: [ '9.0.2' ],
71 silly audit   jwa: [ '1.4.1' ],
71 silly audit   jws: [ '3.2.2' ],
71 silly audit   kareem: [ '2.6.3' ],
71 silly audit   'lodash.includes': [ '4.3.0' ],
71 silly audit   'lodash.isboolean': [ '3.0.3' ],
71 silly audit   'lodash.isinteger': [ '4.0.4' ],
71 silly audit   'lodash.isnumber': [ '3.0.3' ],
71 silly audit   'lodash.isplainobject': [ '4.0.6' ],
71 silly audit   'lodash.isstring': [ '4.0.1' ],
71 silly audit   'lodash.once': [ '4.1.1' ],
71 silly audit   'make-dir': [ '3.1.0' ],
71 silly audit   semver: [ '6.3.1', '7.7.1' ],
71 silly audit   'math-intrinsics': [ '1.1.0' ],
71 silly audit   'media-typer': [ '1.1.0' ],
71 silly audit   'memory-pager': [ '1.5.0' ],
71 silly audit   'merge-descriptors': [ '2.0.0' ],
71 silly audit   'mime-db': [ '1.54.0' ],
71 silly audit   'mime-types': [ '3.0.1' ],
71 silly audit   minimatch: [ '3.1.2' ],
71 silly audit   minizlib: [ '2.1.2' ],
71 silly audit   mkdirp: [ '1.0.4' ],
71 silly audit   mongodb: [ '6.16.0' ],
71 silly audit   'mongodb-connection-string-url': [ '3.0.2' ],
71 silly audit   mongoose: [ '8.14.1' ],
71 silly audit   mpath: [ '0.9.0' ],
71 silly audit   mquery: [ '5.0.0' ],
71 silly audit   ms: [ '2.1.3' ],
71 silly audit   negotiator: [ '1.0.0' ],
71 silly audit   'node-addon-api': [ '5.1.0' ],
71 silly audit   'node-fetch': [ '2.7.0' ],
71 silly audit   tr46: [ '0.0.3', '5.1.1' ],
71 silly audit   'webidl-conversions': [ '3.0.1', '7.0.0' ],
71 silly audit   'whatwg-url': [ '5.0.0', '14.2.0' ],
71 silly audit   nodemailer: [ '7.0.3' ],
71 silly audit   nodemon: [ '3.1.10' ],
71 silly audit   nopt: [ '5.0.0' ],
71 silly audit   'normalize-path': [ '3.0.0' ],
71 silly audit   npmlog: [ '5.0.1' ],
71 silly audit   'object-assign': [ '4.1.1' ],
71 silly audit   'object-inspect': [ '1.13.4' ],
71 silly audit   'on-finished': [ '2.4.1' ],
71 silly audit   once: [ '1.4.0' ],
71 silly audit   parseurl: [ '1.3.3' ],
71 silly audit   'path-is-absolute': [ '1.0.1' ],
71 silly audit   'path-to-regexp': [ '8.2.0' ],
71 silly audit   picomatch: [ '2.3.1' ],
71 silly audit   'proxy-addr': [ '2.0.7' ],
71 silly audit   'pstree.remy': [ '1.1.8' ],
71 silly audit   punycode: [ '2.3.1' ],
71 silly audit   qs: [ '6.14.0' ],
71 silly audit   'range-parser': [ '1.2.1' ],
71 silly audit   'raw-body': [ '3.0.0' ],
71 silly audit   react: [ '19.1.0' ],
71 silly audit   'react-hook-form': [ '7.56.4' ],
71 silly audit   'readable-stream': [ '3.6.2' ],
71 silly audit   readdirp: [ '3.6.0' ],
71 silly audit   rimraf: [ '3.0.2' ],
71 silly audit   router: [ '2.2.0' ],
71 silly audit   'safe-buffer': [ '5.2.1' ],
71 silly audit   'safer-buffer': [ '2.1.2' ],
71 silly audit   send: [ '1.2.0' ],
71 silly audit   'serve-static': [ '2.2.0' ],
71 silly audit   'set-blocking': [ '2.0.0' ],
71 silly audit   setprototypeof: [ '1.2.0' ],
71 silly audit   'side-channel': [ '1.1.0' ],
71 silly audit   'side-channel-list': [ '1.0.0' ],
71 silly audit   'side-channel-map': [ '1.0.1' ],
71 silly audit   'side-channel-weakmap': [ '1.0.2' ],
71 silly audit   sift: [ '17.1.3' ],
71 silly audit   'signal-exit': [ '3.0.7' ],
71 silly audit   'simple-update-notifier': [ '2.0.0' ],
71 silly audit   'sparse-bitfield': [ '3.0.3' ],
71 silly audit   statuses: [ '2.0.1' ],
71 silly audit   string_decoder: [ '1.3.0' ],
71 silly audit   'string-width': [ '4.2.3' ],
71 silly audit   'strip-ansi': [ '6.0.1' ],
71 silly audit   'supports-color': [ '5.5.0' ],
71 silly audit   tar: [ '6.2.1' ],
71 silly audit   tmp: [ '0.2.3' ],
71 silly audit   'to-regex-range': [ '5.0.1' ],
71 silly audit   toidentifier: [ '1.0.1' ],
71 silly audit   touch: [ '3.1.1' ],
71 silly audit   'type-is': [ '2.0.1' ],
71 silly audit   undefsafe: [ '2.0.5' ],
71 silly audit   unpipe: [ '1.0.0' ],
71 silly audit   'util-deprecate': [ '1.0.2' ],
71 silly audit   vary: [ '1.1.2' ],
71 silly audit   'wide-align': [ '1.1.5' ],
71 silly audit   wrappy: [ '1.0.2' ],
71 silly audit   yallist: [ '4.0.0' ],
71 silly audit   'ffmpeg-static': [ '5.2.0' ],
71 silly audit   '@derhuerst/http-basic': [ '8.2.4' ],
71 silly audit   'env-paths': [ '2.2.1' ],
71 silly audit   progress: [ '2.0.3' ],
71 silly audit   caseless: [ '0.12.0' ],
71 silly audit   'concat-stream': [ '2.0.0' ],
71 silly audit   'http-response-object': [ '3.0.2' ],
71 silly audit   'parse-cache-control': [ '1.0.1' ],
71 silly audit   'buffer-from': [ '1.1.2' ],
71 silly audit   typedarray: [ '0.0.6' ],
71 silly audit   '@types/node': [ '10.17.60' ]
71 silly audit }
72 verbose reify failed optional dependency C:\project\SHOTDECK\backend\node_modules\fsevents
73 silly reify mark deleted [ 'C:\\project\\SHOTDECK\\backend\\node_modules\\fsevents' ]
74 http cache @types/node@https://registry.npmjs.org/@types/node/-/node-10.17.60.tgz 1ms (cache hit)
75 http cache typedarray@https://registry.npmjs.org/typedarray/-/typedarray-0.0.6.tgz 0ms (cache hit)
76 http cache buffer-from@https://registry.npmjs.org/buffer-from/-/buffer-from-1.1.2.tgz 0ms (cache hit)
77 http cache parse-cache-control@https://registry.npmjs.org/parse-cache-control/-/parse-cache-control-1.0.1.tgz 0ms (cache hit)
78 http cache concat-stream@https://registry.npmjs.org/concat-stream/-/concat-stream-2.0.0.tgz 0ms (cache hit)
79 http cache http-response-object@https://registry.npmjs.org/http-response-object/-/http-response-object-3.0.2.tgz 0ms (cache hit)
80 http cache caseless@https://registry.npmjs.org/caseless/-/caseless-0.12.0.tgz 0ms (cache hit)
81 http cache @derhuerst/http-basic@https://registry.npmjs.org/@derhuerst/http-basic/-/http-basic-8.2.4.tgz 0ms (cache hit)
82 http cache progress@https://registry.npmjs.org/progress/-/progress-2.0.3.tgz 0ms (cache hit)
83 http cache env-paths@https://registry.npmjs.org/env-paths/-/env-paths-2.2.1.tgz 0ms (cache hit)
84 silly tarball no local data for @types/node@https://registry.npmjs.org/@types/node/-/node-10.17.60.tgz. Extracting by manifest.
85 silly tarball no local data for typedarray@https://registry.npmjs.org/typedarray/-/typedarray-0.0.6.tgz. Extracting by manifest.
86 silly tarball no local data for buffer-from@https://registry.npmjs.org/buffer-from/-/buffer-from-1.1.2.tgz. Extracting by manifest.
87 silly tarball no local data for parse-cache-control@https://registry.npmjs.org/parse-cache-control/-/parse-cache-control-1.0.1.tgz. Extracting by manifest.
88 silly tarball no local data for concat-stream@https://registry.npmjs.org/concat-stream/-/concat-stream-2.0.0.tgz. Extracting by manifest.
89 silly tarball no local data for http-response-object@https://registry.npmjs.org/http-response-object/-/http-response-object-3.0.2.tgz. Extracting by manifest.
90 silly tarball no local data for caseless@https://registry.npmjs.org/caseless/-/caseless-0.12.0.tgz. Extracting by manifest.
91 http cache ffmpeg-static@https://registry.npmjs.org/ffmpeg-static/-/ffmpeg-static-5.2.0.tgz 0ms (cache hit)
92 silly tarball no local data for @derhuerst/http-basic@https://registry.npmjs.org/@derhuerst/http-basic/-/http-basic-8.2.4.tgz. Extracting by manifest.
93 silly tarball no local data for progress@https://registry.npmjs.org/progress/-/progress-2.0.3.tgz. Extracting by manifest.
94 silly tarball no local data for env-paths@https://registry.npmjs.org/env-paths/-/env-paths-2.2.1.tgz. Extracting by manifest.
95 silly tarball no local data for ffmpeg-static@https://registry.npmjs.org/ffmpeg-static/-/ffmpeg-static-5.2.0.tgz. Extracting by manifest.
96 http fetch GET 200 https://registry.npmjs.org/typedarray/-/typedarray-0.0.6.tgz 54ms (cache miss)
97 http fetch GET 200 https://registry.npmjs.org/buffer-from/-/buffer-from-1.1.2.tgz 58ms (cache miss)
98 http fetch GET 200 https://registry.npmjs.org/concat-stream/-/concat-stream-2.0.0.tgz 60ms (cache miss)
99 http fetch GET 200 https://registry.npmjs.org/env-paths/-/env-paths-2.2.1.tgz 65ms (cache miss)
100 http fetch GET 200 https://registry.npmjs.org/parse-cache-control/-/parse-cache-control-1.0.1.tgz 69ms (cache miss)
101 http fetch GET 200 https://registry.npmjs.org/http-response-object/-/http-response-object-3.0.2.tgz 81ms (cache miss)
102 http fetch GET 200 https://registry.npmjs.org/caseless/-/caseless-0.12.0.tgz 83ms (cache miss)
103 http fetch GET 200 https://registry.npmjs.org/progress/-/progress-2.0.3.tgz 87ms (cache miss)
104 http fetch GET 200 https://registry.npmjs.org/ffmpeg-static/-/ffmpeg-static-5.2.0.tgz 92ms (cache miss)
105 http fetch POST 200 https://registry.npmjs.org/-/npm/v1/security/advisories/bulk 307ms
106 silly audit report {
106 silly audit report   'brace-expansion': [
106 silly audit report     {
106 silly audit report       id: 1105443,
106 silly audit report       url: 'https://github.com/advisories/GHSA-v6h2-p8h4-qcjw',
106 silly audit report       title: 'brace-expansion Regular Expression Denial of Service vulnerability',
106 silly audit report       severity: 'low',
106 silly audit report       vulnerable_versions: '>=1.0.0 <=1.1.11',
106 silly audit report       cwe: [Array],
106 silly audit report       cvss: [Object]
106 silly audit report     }
106 silly audit report   ]
106 silly audit report }
107 silly packumentCache corgi:https://registry.npmjs.org/brace-expansion cache-miss
108 http fetch GET 200 https://registry.npmjs.org/@derhuerst/http-basic/-/http-basic-8.2.4.tgz 300ms (cache miss)
109 http fetch GET 200 https://registry.npmjs.org/@types/node/-/node-10.17.60.tgz 317ms (cache miss)
110 info run ffmpeg-static@5.2.0 install node_modules/ffmpeg-static node install.js
111 http fetch GET 200 https://registry.npmjs.org/brace-expansion 33ms (cache revalidated)
112 silly packumentCache corgi:https://registry.npmjs.org/brace-expansion set size:16192 disposed:false
113 silly packumentCache corgi:https://registry.npmjs.org/minimatch cache-miss
114 http fetch GET 200 https://registry.npmjs.org/minimatch 42ms (cache revalidated)
115 silly packumentCache corgi:https://registry.npmjs.org/minimatch set size:143741 disposed:false
116 info run ffmpeg-static@5.2.0 install { code: 0, signal: null }
117 silly ADD node_modules/@types/node
118 silly ADD node_modules/typedarray
119 silly ADD node_modules/buffer-from
120 silly ADD node_modules/parse-cache-control
121 silly ADD node_modules/http-response-object
122 silly ADD node_modules/concat-stream
123 silly ADD node_modules/caseless
124 silly ADD node_modules/progress
125 silly ADD node_modules/env-paths
126 silly ADD node_modules/@derhuerst/http-basic
127 silly ADD node_modules/ffmpeg-static
128 silly ADD
129 verbose cwd C:\project\SHOTDECK\backend
130 verbose os Windows_NT 10.0.26100
131 verbose node v22.15.1
132 verbose npm  v10.9.2
133 verbose exit 0
134 info ok
