0 verbose cli C:\Program Files\nodejs\node.exe C:\Program Files\nodejs\node_modules\npm\bin\npm-cli.js
1 info using npm@10.9.2
2 info using node@v22.15.1
3 silly config load:file:C:\Program Files\nodejs\node_modules\npm\npmrc
4 silly config load:file:C:\project\SHOTDECK\backend\.npmrc
5 silly config load:file:C:\Users\rakib\.npmrc
6 silly config load:file:C:\Program Files\nodejs\npm-global\etc\npmrc
7 verbose title npm list puppeteer
8 verbose argv "list" "puppeteer"
9 verbose logfile logs-max:10 dir:C:\project\SHOTDECK\backend\UsersmynameAppDataRoamingnpm-cache\_logs\2025-06-26T08_49_53_207Z-
10 verbose logfile C:\project\SHOTDECK\backend\UsersmynameAppDataRoamingnpm-cache\_logs\2025-06-26T08_49_53_207Z-debug-0.log
11 silly logfile start cleaning logs, removing 1 files
12 silly packumentCache heap:4345298944 maxSize:1086324736 maxEntrySize:543162368
13 silly logfile done cleaning log files
14 verbose cwd C:\project\SHOTDECK\backend
15 verbose os Windows_NT 10.0.26100
16 verbose node v22.15.1
17 verbose npm  v10.9.2
18 verbose exit 0
19 info ok
