0 verbose cli C:\Program Files\nodejs\node.exe C:\Program Files\nodejs\node_modules\npm\bin\npm-cli.js
1 info using npm@10.9.2
2 info using node@v22.15.1
3 silly config load:file:C:\Program Files\nodejs\node_modules\npm\npmrc
4 silly config load:file:C:\project\SHOTDECK\backend\.npmrc
5 silly config load:file:C:\Users\rakib\.npmrc
6 silly config load:file:C:\Program Files\nodejs\npm-global\etc\npmrc
7 verbose title npm install tmp
8 verbose argv "install" "tmp"
9 verbose logfile logs-max:10 dir:C:\project\SHOTDECK\backend\UsersmynameAppDataRoamingnpm-cache\_logs\2025-06-14T03_44_21_598Z-
10 verbose logfile C:\project\SHOTDECK\backend\UsersmynameAppDataRoamingnpm-cache\_logs\2025-06-14T03_44_21_598Z-debug-0.log
11 silly logfile start cleaning logs, removing 1 files
12 silly packumentCache heap:4345298944 maxSize:1086324736 maxEntrySize:543162368
13 silly logfile done cleaning log files
14 silly idealTree buildDeps
15 silly fetch manifest tmp@^0.2.3
16 silly packumentCache full:https://registry.npmjs.org/tmp cache-miss
17 http fetch GET 200 https://registry.npmjs.org/tmp 355ms (cache revalidated)
18 silly packumentCache full:https://registry.npmjs.org/tmp set size:70665 disposed:false
19 silly placeDep ROOT tmp@0.2.3 REPLACE for: mfs-server@1.0.0 want: ^0.2.3
20 silly reify moves {}
21 silly audit bulk request {
21 silly audit   '@mapbox/node-pre-gyp': [ '1.0.11' ],
21 silly audit   '@mongodb-js/saslprep': [ '1.2.2' ],
21 silly audit   '@types/webidl-conversions': [ '7.0.3' ],
21 silly audit   '@types/whatwg-url': [ '11.0.5' ],
21 silly audit   abbrev: [ '1.1.1' ],
21 silly audit   accepts: [ '2.0.0' ],
21 silly audit   'agent-base': [ '6.0.2' ],
21 silly audit   'ansi-regex': [ '5.0.1' ],
21 silly audit   anymatch: [ '3.1.3' ],
21 silly audit   aproba: [ '2.0.0' ],
21 silly audit   'are-we-there-yet': [ '2.0.0' ],
21 silly audit   'balanced-match': [ '1.0.2' ],
21 silly audit   bcrypt: [ '5.1.1' ],
21 silly audit   'binary-extensions': [ '2.3.0' ],
21 silly audit   'body-parser': [ '2.2.0' ],
21 silly audit   'brace-expansion': [ '1.1.11' ],
21 silly audit   braces: [ '3.0.3' ],
21 silly audit   bson: [ '6.10.3' ],
21 silly audit   'buffer-equal-constant-time': [ '1.0.1' ],
21 silly audit   bytes: [ '3.1.2' ],
21 silly audit   'call-bind-apply-helpers': [ '1.0.2' ],
21 silly audit   'call-bound': [ '1.0.4' ],
21 silly audit   chokidar: [ '3.6.0' ],
21 silly audit   chownr: [ '2.0.0' ],
21 silly audit   'color-support': [ '1.1.3' ],
21 silly audit   'concat-map': [ '0.0.1' ],
21 silly audit   'console-control-strings': [ '1.1.0' ],
21 silly audit   'content-disposition': [ '1.0.0' ],
21 silly audit   'content-type': [ '1.0.5' ],
21 silly audit   cookie: [ '0.7.2' ],
21 silly audit   'cookie-parser': [ '1.4.7' ],
21 silly audit   'cookie-signature': [ '1.0.6', '1.2.2' ],
21 silly audit   cors: [ '2.8.5' ],
21 silly audit   debug: [ '4.4.0' ],
21 silly audit   delegates: [ '1.0.0' ],
21 silly audit   depd: [ '2.0.0' ],
21 silly audit   'detect-libc': [ '2.0.4' ],
21 silly audit   dotenv: [ '16.5.0' ],
21 silly audit   'dunder-proto': [ '1.0.1' ],
21 silly audit   'ecdsa-sig-formatter': [ '1.0.11' ],
21 silly audit   'ee-first': [ '1.1.1' ],
21 silly audit   'emoji-regex': [ '8.0.0' ],
21 silly audit   encodeurl: [ '2.0.0' ],
21 silly audit   'es-define-property': [ '1.0.1' ],
21 silly audit   'es-errors': [ '1.3.0' ],
21 silly audit   'es-object-atoms': [ '1.1.1' ],
21 silly audit   'escape-html': [ '1.0.3' ],
21 silly audit   etag: [ '1.8.1' ],
21 silly audit   express: [ '5.1.0' ],
21 silly audit   'fill-range': [ '7.1.1' ],
21 silly audit   finalhandler: [ '2.1.0' ],
21 silly audit   forwarded: [ '0.2.0' ],
21 silly audit   fresh: [ '2.0.0' ],
21 silly audit   'fs-minipass': [ '2.1.0' ],
21 silly audit   minipass: [ '3.3.6', '5.0.0' ],
21 silly audit   'fs.realpath': [ '1.0.0' ],
21 silly audit   fsevents: [ '2.3.3' ],
21 silly audit   'function-bind': [ '1.1.2' ],
21 silly audit   gauge: [ '3.0.2' ],
21 silly audit   'get-intrinsic': [ '1.3.0' ],
21 silly audit   'get-proto': [ '1.0.1' ],
21 silly audit   glob: [ '7.2.3' ],
21 silly audit   'glob-parent': [ '5.1.2' ],
21 silly audit   gopd: [ '1.2.0' ],
21 silly audit   'has-flag': [ '3.0.0' ],
21 silly audit   'has-symbols': [ '1.1.0' ],
21 silly audit   'has-unicode': [ '2.0.1' ],
21 silly audit   hasown: [ '2.0.2' ],
21 silly audit   'http-errors': [ '2.0.0' ],
21 silly audit   'https-proxy-agent': [ '5.0.1' ],
21 silly audit   'iconv-lite': [ '0.6.3' ],
21 silly audit   'ignore-by-default': [ '1.0.1' ],
21 silly audit   inflight: [ '1.0.6' ],
21 silly audit   inherits: [ '2.0.4' ],
21 silly audit   'ipaddr.js': [ '1.9.1' ],
21 silly audit   'is-binary-path': [ '2.1.0' ],
21 silly audit   'is-extglob': [ '2.1.1' ],
21 silly audit   'is-fullwidth-code-point': [ '3.0.0' ],
21 silly audit   'is-glob': [ '4.0.3' ],
21 silly audit   'is-number': [ '7.0.0' ],
21 silly audit   'is-promise': [ '4.0.0' ],
21 silly audit   jsonwebtoken: [ '9.0.2' ],
21 silly audit   jwa: [ '1.4.1' ],
21 silly audit   jws: [ '3.2.2' ],
21 silly audit   kareem: [ '2.6.3' ],
21 silly audit   'lodash.includes': [ '4.3.0' ],
21 silly audit   'lodash.isboolean': [ '3.0.3' ],
21 silly audit   'lodash.isinteger': [ '4.0.4' ],
21 silly audit   'lodash.isnumber': [ '3.0.3' ],
21 silly audit   'lodash.isplainobject': [ '4.0.6' ],
21 silly audit   'lodash.isstring': [ '4.0.1' ],
21 silly audit   'lodash.once': [ '4.1.1' ],
21 silly audit   'make-dir': [ '3.1.0' ],
21 silly audit   semver: [ '6.3.1', '7.7.1' ],
21 silly audit   'math-intrinsics': [ '1.1.0' ],
21 silly audit   'media-typer': [ '1.1.0' ],
21 silly audit   'memory-pager': [ '1.5.0' ],
21 silly audit   'merge-descriptors': [ '2.0.0' ],
21 silly audit   'mime-db': [ '1.54.0' ],
21 silly audit   'mime-types': [ '3.0.1' ],
21 silly audit   minimatch: [ '3.1.2' ],
21 silly audit   minizlib: [ '2.1.2' ],
21 silly audit   mkdirp: [ '1.0.4' ],
21 silly audit   mongodb: [ '6.16.0' ],
21 silly audit   'mongodb-connection-string-url': [ '3.0.2' ],
21 silly audit   mongoose: [ '8.14.1' ],
21 silly audit   mpath: [ '0.9.0' ],
21 silly audit   mquery: [ '5.0.0' ],
21 silly audit   ms: [ '2.1.3' ],
21 silly audit   negotiator: [ '1.0.0' ],
21 silly audit   'node-addon-api': [ '5.1.0' ],
21 silly audit   'node-fetch': [ '2.7.0' ],
21 silly audit   tr46: [ '0.0.3', '5.1.1' ],
21 silly audit   'webidl-conversions': [ '3.0.1', '7.0.0' ],
21 silly audit   'whatwg-url': [ '5.0.0', '14.2.0' ],
21 silly audit   nodemailer: [ '7.0.3' ],
21 silly audit   nodemon: [ '3.1.10' ],
21 silly audit   nopt: [ '5.0.0' ],
21 silly audit   'normalize-path': [ '3.0.0' ],
21 silly audit   npmlog: [ '5.0.1' ],
21 silly audit   'object-assign': [ '4.1.1' ],
21 silly audit   'object-inspect': [ '1.13.4' ],
21 silly audit   'on-finished': [ '2.4.1' ],
21 silly audit   once: [ '1.4.0' ],
21 silly audit   parseurl: [ '1.3.3' ],
21 silly audit   'path-is-absolute': [ '1.0.1' ],
21 silly audit   'path-to-regexp': [ '8.2.0' ],
21 silly audit   picomatch: [ '2.3.1' ],
21 silly audit   'proxy-addr': [ '2.0.7' ],
21 silly audit   'pstree.remy': [ '1.1.8' ],
21 silly audit   punycode: [ '2.3.1' ],
21 silly audit   qs: [ '6.14.0' ],
21 silly audit   'range-parser': [ '1.2.1' ],
21 silly audit   'raw-body': [ '3.0.0' ],
21 silly audit   react: [ '19.1.0' ],
21 silly audit   'react-hook-form': [ '7.56.4' ],
21 silly audit   'readable-stream': [ '3.6.2' ],
21 silly audit   readdirp: [ '3.6.0' ],
21 silly audit   rimraf: [ '3.0.2' ],
21 silly audit   router: [ '2.2.0' ],
21 silly audit   'safe-buffer': [ '5.2.1' ],
21 silly audit   'safer-buffer': [ '2.1.2' ],
21 silly audit   send: [ '1.2.0' ],
21 silly audit   'serve-static': [ '2.2.0' ],
21 silly audit   'set-blocking': [ '2.0.0' ],
21 silly audit   setprototypeof: [ '1.2.0' ],
21 silly audit   'side-channel': [ '1.1.0' ],
21 silly audit   'side-channel-list': [ '1.0.0' ],
21 silly audit   'side-channel-map': [ '1.0.1' ],
21 silly audit   'side-channel-weakmap': [ '1.0.2' ],
21 silly audit   sift: [ '17.1.3' ],
21 silly audit   'signal-exit': [ '3.0.7' ],
21 silly audit   'simple-update-notifier': [ '2.0.0' ],
21 silly audit   'sparse-bitfield': [ '3.0.3' ],
21 silly audit   statuses: [ '2.0.1' ],
21 silly audit   string_decoder: [ '1.3.0' ],
21 silly audit   'string-width': [ '4.2.3' ],
21 silly audit   'strip-ansi': [ '6.0.1' ],
21 silly audit   'supports-color': [ '5.5.0' ],
21 silly audit   tar: [ '6.2.1' ],
21 silly audit   'to-regex-range': [ '5.0.1' ],
21 silly audit   toidentifier: [ '1.0.1' ],
21 silly audit   touch: [ '3.1.1' ],
21 silly audit   'type-is': [ '2.0.1' ],
21 silly audit   undefsafe: [ '2.0.5' ],
21 silly audit   unpipe: [ '1.0.0' ],
21 silly audit   'util-deprecate': [ '1.0.2' ],
21 silly audit   vary: [ '1.1.2' ],
21 silly audit   'wide-align': [ '1.1.5' ],
21 silly audit   wrappy: [ '1.0.2' ],
21 silly audit   yallist: [ '4.0.0' ],
21 silly audit   tmp: [ '0.2.3' ]
21 silly audit }
22 verbose reify failed optional dependency C:\project\SHOTDECK\backend\node_modules\fsevents
23 silly reify mark deleted [ 'C:\\project\\SHOTDECK\\backend\\node_modules\\fsevents' ]
24 http fetch POST 200 https://registry.npmjs.org/-/npm/v1/security/advisories/bulk 1098ms
25 silly audit report {
25 silly audit report   'brace-expansion': [
25 silly audit report     {
25 silly audit report       id: 1105443,
25 silly audit report       url: 'https://github.com/advisories/GHSA-v6h2-p8h4-qcjw',
25 silly audit report       title: 'brace-expansion Regular Expression Denial of Service vulnerability',
25 silly audit report       severity: 'low',
25 silly audit report       vulnerable_versions: '>=1.0.0 <=1.1.11',
25 silly audit report       cwe: [Array],
25 silly audit report       cvss: [Object]
25 silly audit report     }
25 silly audit report   ]
25 silly audit report }
26 silly packumentCache corgi:https://registry.npmjs.org/brace-expansion cache-miss
27 http fetch GET 200 https://registry.npmjs.org/brace-expansion 61ms (cache miss)
28 silly packumentCache corgi:https://registry.npmjs.org/brace-expansion set size:undefined disposed:false
29 silly packumentCache corgi:https://registry.npmjs.org/minimatch cache-miss
30 http fetch GET 200 https://registry.npmjs.org/minimatch 43ms (cache miss)
31 silly packumentCache corgi:https://registry.npmjs.org/minimatch set size:undefined disposed:false
32 silly ADD
33 verbose cwd C:\project\SHOTDECK\backend
34 verbose os Windows_NT 10.0.26100
35 verbose node v22.15.1
36 verbose npm  v10.9.2
37 verbose exit 0
38 info ok
